../Middlewares/Third_Party/SubGHz_Phy/stm32_radio_driver/lr_fhss_mac.c:638:16:lr_fhss_extract_bit_in_byte_vector	0	static
../Middlewares/Third_Party/SubGHz_Phy/stm32_radio_driver/lr_fhss_mac.c:650:13:lr_fhss_set_bit_in_byte_vector	12	static
../Middlewares/Third_Party/SubGHz_Phy/stm32_radio_driver/lr_fhss_mac.c:658:17:lr_fhss_convolution_encode_viterbi_1_2_base.constprop.isra	32	static
../Middlewares/Third_Party/SubGHz_Phy/stm32_radio_driver/lr_fhss_mac.c:324:14:lr_fhss_get_hop_sequence_count	0	static
../Middlewares/Third_Party/SubGHz_Phy/stm32_radio_driver/lr_fhss_mac.c:334:6:lr_fhss_process_parameters	12	static
../Middlewares/Third_Party/SubGHz_Phy/stm32_radio_driver/lr_fhss_mac.c:349:16:lr_fhss_get_hop_params	12	static
../Middlewares/Third_Party/SubGHz_Phy/stm32_radio_driver/lr_fhss_mac.c:426:10:lr_fhss_get_next_state	0	static
../Middlewares/Third_Party/SubGHz_Phy/stm32_radio_driver/lr_fhss_mac.c:448:9:lr_fhss_get_next_freq_in_grid	8	static
../Middlewares/Third_Party/SubGHz_Phy/stm32_radio_driver/lr_fhss_mac.c:480:10:lr_fhss_build_frame	712	static
../Middlewares/Third_Party/SubGHz_Phy/stm32_radio_driver/lr_fhss_mac.c:589:10:lr_fhss_get_time_on_air_in_ms	16	static
