../Middlewares/Third_Party/SubGHz_Phy/stm32_radio_driver/wl_lr_fhss.c:134:16:wl_lr_fhss_init	24	static
../Middlewares/Third_Party/SubGHz_Phy/stm32_radio_driver/wl_lr_fhss.c:276:16:wl_lr_fhss_write_payload	8	static
../Middlewares/Third_Party/SubGHz_Phy/stm32_radio_driver/wl_lr_fhss.c:342:16:wl_lr_fhss_handle_tx_done	8	static
../Middlewares/Third_Party/SubGHz_Phy/stm32_radio_driver/wl_lr_fhss.c:357:16:wl_lr_fhss_write_hop_config	16	static
../Middlewares/Third_Party/SubGHz_Phy/stm32_radio_driver/wl_lr_fhss.c:366:16:wl_lr_fhss_write_hop	16	static
../Middlewares/Third_Party/SubGHz_Phy/stm32_radio_driver/wl_lr_fhss.c:388:10:wl_lr_fhss_get_next_freq_in_pll_steps	16	static
../Middlewares/Third_Party/SubGHz_Phy/stm32_radio_driver/wl_lr_fhss.c:150:16:wl_lr_fhss_process_parameters	24	static
../Middlewares/Third_Party/SubGHz_Phy/stm32_radio_driver/wl_lr_fhss.c:200:16:wl_lr_fhss_write_hop_sequence_head	24	static
../Middlewares/Third_Party/SubGHz_Phy/stm32_radio_driver/wl_lr_fhss.c:284:16:wl_lr_fhss_build_frame	288	static
../Middlewares/Third_Party/SubGHz_Phy/stm32_radio_driver/wl_lr_fhss.c:314:16:wl_lr_fhss_handle_hop	16	static
