Archive member included to satisfy reference by file (symbol)

/Applications/STM32CubeIDE.app/Contents/Eclipse/plugins/com.st.stm32cube.ide.mcu.externaltools.gnu-tools-for-stm32.12.3.rel1.macos64_1.0.100.202403111906/tools/bin/../lib/gcc/arm-none-eabi/12.3.1/../../../../arm-none-eabi/lib/thumb/v7e-m/nofp/libc_nano.a(libc_a-exit.o)
                              /Applications/STM32CubeIDE.app/Contents/Eclipse/plugins/com.st.stm32cube.ide.mcu.externaltools.gnu-tools-for-stm32.12.3.rel1.macos64_1.0.100.202403111906/tools/bin/../lib/gcc/arm-none-eabi/12.3.1/../../../../arm-none-eabi/lib/thumb/v7e-m/nofp/crt0.o (exit)
/Applications/STM32CubeIDE.app/Contents/Eclipse/plugins/com.st.stm32cube.ide.mcu.externaltools.gnu-tools-for-stm32.12.3.rel1.macos64_1.0.100.202403111906/tools/bin/../lib/gcc/arm-none-eabi/12.3.1/../../../../arm-none-eabi/lib/thumb/v7e-m/nofp/libc_nano.a(libc_a-findfp.o)
                              /Applications/STM32CubeIDE.app/Contents/Eclipse/plugins/com.st.stm32cube.ide.mcu.externaltools.gnu-tools-for-stm32.12.3.rel1.macos64_1.0.100.202403111906/tools/bin/../lib/gcc/arm-none-eabi/12.3.1/../../../../arm-none-eabi/lib/thumb/v7e-m/nofp/libc_nano.a(libc_a-exit.o) (__stdio_exit_handler)
/Applications/STM32CubeIDE.app/Contents/Eclipse/plugins/com.st.stm32cube.ide.mcu.externaltools.gnu-tools-for-stm32.12.3.rel1.macos64_1.0.100.202403111906/tools/bin/../lib/gcc/arm-none-eabi/12.3.1/../../../../arm-none-eabi/lib/thumb/v7e-m/nofp/libc_nano.a(libc_a-fwalk.o)
                              /Applications/STM32CubeIDE.app/Contents/Eclipse/plugins/com.st.stm32cube.ide.mcu.externaltools.gnu-tools-for-stm32.12.3.rel1.macos64_1.0.100.202403111906/tools/bin/../lib/gcc/arm-none-eabi/12.3.1/../../../../arm-none-eabi/lib/thumb/v7e-m/nofp/libc_nano.a(libc_a-findfp.o) (_fwalk_sglue)
/Applications/STM32CubeIDE.app/Contents/Eclipse/plugins/com.st.stm32cube.ide.mcu.externaltools.gnu-tools-for-stm32.12.3.rel1.macos64_1.0.100.202403111906/tools/bin/../lib/gcc/arm-none-eabi/12.3.1/../../../../arm-none-eabi/lib/thumb/v7e-m/nofp/libc_nano.a(libc_a-strncmp.o)
                              ./Core/Src/usart_if.o (strncmp)
/Applications/STM32CubeIDE.app/Contents/Eclipse/plugins/com.st.stm32cube.ide.mcu.externaltools.gnu-tools-for-stm32.12.3.rel1.macos64_1.0.100.202403111906/tools/bin/../lib/gcc/arm-none-eabi/12.3.1/../../../../arm-none-eabi/lib/thumb/v7e-m/nofp/libc_nano.a(libc_a-memset.o)
                              /Applications/STM32CubeIDE.app/Contents/Eclipse/plugins/com.st.stm32cube.ide.mcu.externaltools.gnu-tools-for-stm32.12.3.rel1.macos64_1.0.100.202403111906/tools/bin/../lib/gcc/arm-none-eabi/12.3.1/../../../../arm-none-eabi/lib/thumb/v7e-m/nofp/crt0.o (memset)
/Applications/STM32CubeIDE.app/Contents/Eclipse/plugins/com.st.stm32cube.ide.mcu.externaltools.gnu-tools-for-stm32.12.3.rel1.macos64_1.0.100.202403111906/tools/bin/../lib/gcc/arm-none-eabi/12.3.1/../../../../arm-none-eabi/lib/thumb/v7e-m/nofp/libc_nano.a(libc_a-impure.o)
                              /Applications/STM32CubeIDE.app/Contents/Eclipse/plugins/com.st.stm32cube.ide.mcu.externaltools.gnu-tools-for-stm32.12.3.rel1.macos64_1.0.100.202403111906/tools/bin/../lib/gcc/arm-none-eabi/12.3.1/../../../../arm-none-eabi/lib/thumb/v7e-m/nofp/libc_nano.a(libc_a-findfp.o) (_impure_data)
/Applications/STM32CubeIDE.app/Contents/Eclipse/plugins/com.st.stm32cube.ide.mcu.externaltools.gnu-tools-for-stm32.12.3.rel1.macos64_1.0.100.202403111906/tools/bin/../lib/gcc/arm-none-eabi/12.3.1/../../../../arm-none-eabi/lib/thumb/v7e-m/nofp/libc_nano.a(libc_a-errno.o)
                              ./Core/Src/syscalls.o (__errno)
/Applications/STM32CubeIDE.app/Contents/Eclipse/plugins/com.st.stm32cube.ide.mcu.externaltools.gnu-tools-for-stm32.12.3.rel1.macos64_1.0.100.202403111906/tools/bin/../lib/gcc/arm-none-eabi/12.3.1/../../../../arm-none-eabi/lib/thumb/v7e-m/nofp/libc_nano.a(libc_a-init.o)
                              /Applications/STM32CubeIDE.app/Contents/Eclipse/plugins/com.st.stm32cube.ide.mcu.externaltools.gnu-tools-for-stm32.12.3.rel1.macos64_1.0.100.202403111906/tools/bin/../lib/gcc/arm-none-eabi/12.3.1/../../../../arm-none-eabi/lib/thumb/v7e-m/nofp/crt0.o (__libc_init_array)
/Applications/STM32CubeIDE.app/Contents/Eclipse/plugins/com.st.stm32cube.ide.mcu.externaltools.gnu-tools-for-stm32.12.3.rel1.macos64_1.0.100.202403111906/tools/bin/../lib/gcc/arm-none-eabi/12.3.1/../../../../arm-none-eabi/lib/thumb/v7e-m/nofp/libc_nano.a(libc_a-lock.o)
                              /Applications/STM32CubeIDE.app/Contents/Eclipse/plugins/com.st.stm32cube.ide.mcu.externaltools.gnu-tools-for-stm32.12.3.rel1.macos64_1.0.100.202403111906/tools/bin/../lib/gcc/arm-none-eabi/12.3.1/../../../../arm-none-eabi/lib/thumb/v7e-m/nofp/libc_nano.a(libc_a-findfp.o) (__retarget_lock_init_recursive)
[...]
Memory Configuration

Name             Origin             Length             Attributes
RAM              0x20000000         0x00010000         xrw
RAM2             0x10000000         0x00008000         xrw
FLASH            0x08000000         0x00040000         xr
*default*        0x00000000         0xffffffff

Linker script and memory map

LOAD /Applications/STM32CubeIDE.app/Contents/Eclipse/plugins/com.st.stm32cube.ide.mcu.externaltools.gnu-tools-for-stm32.12.3.rel1.macos64_1.0.100.202403111906/tools/bin/../lib/gcc/arm-none-eabi/12.3.1/thumb/v7e-m/nofp/crti.o
LOAD /Applications/STM32CubeIDE.app/Contents/Eclipse/plugins/com.st.stm32cube.ide.mcu.externaltools.gnu-tools-for-stm32.12.3.rel1.macos64_1.0.100.202403111906/tools/bin/../lib/gcc/arm-none-eabi/12.3.1/thumb/v7e-m/nofp/crtbegin.o
LOAD /Applications/STM32CubeIDE.app/Contents/Eclipse/plugins/com.st.stm32cube.ide.mcu.externaltools.gnu-tools-for-stm32.12.3.rel1.macos64_1.0.100.202403111906/tools/bin/../lib/gcc/arm-none-eabi/12.3.1/../../../../arm-none-eabi/lib/thumb/v7e-m/nofp/crt0.o
LOAD ./Core/Src/adc.o
LOAD ./Core/Src/dma.o
LOAD ./Core/Src/gpio.o
LOAD ./Core/Src/main.o
LOAD ./Core/Src/rtc.o
LOAD ./Core/Src/stm32_lpm_if.o
LOAD ./Core/Src/stm32wlxx_hal_msp.o
LOAD ./Core/Src/stm32wlxx_it.o
LOAD ./Core/Src/subghz.o
LOAD ./Core/Src/sys_app.o
LOAD ./Core/Src/sys_debug.o
LOAD ./Core/Src/syscalls.o
LOAD ./Core/Src/sysmem.o
LOAD ./Core/Src/system_stm32wlxx.o
LOAD ./Core/Src/timer_if.o
LOAD ./Core/Src/usart.o
LOAD ./Core/Src/usart_if.o
LOAD ./Core/Startup/startup_stm32wl55jcix.o
LOAD ./Drivers/STM32WLxx_HAL_Driver/Src/stm32wlxx_hal.o
LOAD ./Drivers/STM32WLxx_HAL_Driver/Src/stm32wlxx_hal_adc.o
LOAD ./Drivers/STM32WLxx_HAL_Driver/Src/stm32wlxx_hal_adc_ex.o
LOAD ./Drivers/STM32WLxx_HAL_Driver/Src/stm32wlxx_hal_cortex.o
LOAD ./Drivers/STM32WLxx_HAL_Driver/Src/stm32wlxx_hal_dma.o
LOAD ./Drivers/STM32WLxx_HAL_Driver/Src/stm32wlxx_hal_dma_ex.o
LOAD ./Drivers/STM32WLxx_HAL_Driver/Src/stm32wlxx_hal_exti.o
LOAD ./Drivers/STM32WLxx_HAL_Driver/Src/stm32wlxx_hal_flash.o
LOAD ./Drivers/STM32WLxx_HAL_Driver/Src/stm32wlxx_hal_flash_ex.o
LOAD ./Drivers/STM32WLxx_HAL_Driver/Src/stm32wlxx_hal_gpio.o
LOAD ./Drivers/STM32WLxx_HAL_Driver/Src/stm32wlxx_hal_pwr.o
LOAD ./Drivers/STM32WLxx_HAL_Driver/Src/stm32wlxx_hal_pwr_ex.o
LOAD ./Drivers/STM32WLxx_HAL_Driver/Src/stm32wlxx_hal_rcc.o
LOAD ./Drivers/STM32WLxx_HAL_Driver/Src/stm32wlxx_hal_rcc_ex.o
LOAD ./Drivers/STM32WLxx_HAL_Driver/Src/stm32wlxx_hal_rtc.o
LOAD ./Drivers/STM32WLxx_HAL_Driver/Src/stm32wlxx_hal_rtc_ex.o
LOAD ./Drivers/STM32WLxx_HAL_Driver/Src/stm32wlxx_hal_subghz.o
LOAD ./Drivers/STM32WLxx_HAL_Driver/Src/stm32wlxx_hal_tim.o
LOAD ./Drivers/STM32WLxx_HAL_Driver/Src/stm32wlxx_hal_tim_ex.o
LOAD ./Drivers/STM32WLxx_HAL_Driver/Src/stm32wlxx_hal_uart.o
LOAD ./Drivers/STM32WLxx_HAL_Driver/Src/stm32wlxx_hal_uart_ex.o
LOAD ./Drivers/STM32WLxx_HAL_Driver/Src/stm32wlxx_ll_adc.o
LOAD ./Drivers/stm32wlxx-nucleo-bsp/stm32wlxx_nucleo.o
LOAD ./Drivers/stm32wlxx-nucleo-bsp/stm32wlxx_nucleo_radio.o
LOAD ./Middlewares/Third_Party/SubGHz_Phy/stm32_radio_driver/lr_fhss_mac.o
LOAD ./Middlewares/Third_Party/SubGHz_Phy/stm32_radio_driver/radio.o
LOAD ./Middlewares/Third_Party/SubGHz_Phy/stm32_radio_driver/radio_driver.o
LOAD ./Middlewares/Third_Party/SubGHz_Phy/stm32_radio_driver/radio_fw.o
LOAD ./Middlewares/Third_Party/SubGHz_Phy/stm32_radio_driver/wl_lr_fhss.o
LOAD ./SubGHz_Phy/App/app_subghz_phy.o
LOAD ./SubGHz_Phy/App/subghz_phy_app.o
LOAD ./SubGHz_Phy/Target/radio_board_if.o
LOAD ./Utilities/lpm/tiny_lpm/stm32_lpm.o
LOAD ./Utilities/misc/stm32_mem.o
LOAD ./Utilities/misc/stm32_systime.o
LOAD ./Utilities/misc/stm32_tiny_sscanf.o
LOAD ./Utilities/misc/stm32_tiny_vsnprintf.o
LOAD ./Utilities/sequencer/stm32_seq.o
LOAD ./Utilities/timer/stm32_timer.o
LOAD ./Utilities/trace/adv_trace/stm32_adv_trace.o
START GROUP
LOAD /Applications/STM32CubeIDE.app/Contents/Eclipse/plugins/com.st.stm32cube.ide.mcu.externaltools.gnu-tools-for-stm32.12.3.rel1.macos64_1.0.100.202403111906/tools/bin/../lib/gcc/arm-none-eabi/12.3.1/../../../../arm-none-eabi/lib/thumb/v7e-m/nofp/libc_nano.a
LOAD /Applications/STM32CubeIDE.app/Contents/Eclipse/plugins/com.st.stm32cube.ide.mcu.externaltools.gnu-tools-for-stm32.12.3.rel1.macos64_1.0.100.202403111906/tools/bin/../lib/gcc/arm-none-eabi/12.3.1/../../../../arm-none-eabi/lib/thumb/v7e-m/nofp/libm.a
END GROUP
START GROUP
LOAD /Applications/STM32CubeIDE.app/Contents/Eclipse/plugins/com.st.stm32cube.ide.mcu.externaltools.gnu-tools-for-stm32.12.3.rel1.macos64_1.0.100.202403111906/tools/bin/../lib/gcc/arm-none-eabi/12.3.1/thumb/v7e-m/nofp/libgcc.a
LOAD /Applications/STM32CubeIDE.app/Contents/Eclipse/plugins/com.st.stm32cube.ide.mcu.externaltools.gnu-tools-for-stm32.12.3.rel1.macos64_1.0.100.202403111906/tools/bin/../lib/gcc/arm-none-eabi/12.3.1/../../../../arm-none-eabi/lib/thumb/v7e-m/nofp/libc_nano.a
END GROUP
START GROUP
LOAD /Applications/STM32CubeIDE.app/Contents/Eclipse/plugins/com.st.stm32cube.ide.mcu.externaltools.gnu-tools-for-stm32.12.3.rel1.macos64_1.0.100.202403111906/tools/bin/../lib/gcc/arm-none-eabi/12.3.1/thumb/v7e-m/nofp/libgcc.a
LOAD /Applications/STM32CubeIDE.app/Contents/Eclipse/plugins/com.st.stm32cube.ide.mcu.externaltools.gnu-tools-for-stm32.12.3.rel1.macos64_1.0.100.202403111906/tools/bin/../lib/gcc/arm-none-eabi/12.3.1/../../../../arm-none-eabi/lib/thumb/v7e-m/nofp/libc_nano.a
LOAD /Applications/STM32CubeIDE.app/Contents/Eclipse/plugins/com.st.stm32cube.ide.mcu.externaltools.gnu-tools-for-stm32.12.3.rel1.macos64_1.0.100.202403111906/tools/bin/../lib/gcc/arm-none-eabi/12.3.1/../../../../arm-none-eabi/lib/thumb/v7e-m/nofp/libnosys.a
END GROUP
START GROUP
LOAD /Applications/STM32CubeIDE.app/Contents/Eclipse/plugins/com.st.stm32cube.ide.mcu.externaltools.gnu-tools-for-stm32.12.3.rel1.macos64_1.0.100.202403111906/tools/bin/../lib/gcc/arm-none-eabi/12.3.1/thumb/v7e-m/nofp/libgcc.a
LOAD /Applications/STM32CubeIDE.app/Contents/Eclipse/plugins/com.st.stm32cube.ide.mcu.externaltools.gnu-tools-for-stm32.12.3.rel1.macos64_1.0.100.202403111906/tools/bin/../lib/gcc/arm-none-eabi/12.3.1/../../../../arm-none-eabi/lib/thumb/v7e-m/nofp/libc_nano.a
LOAD /Applications/STM32CubeIDE.app/Contents/Eclipse/plugins/com.st.stm32cube.ide.mcu.externaltools.gnu-tools-for-stm32.12.3.rel1.macos64_1.0.100.202403111906/tools/bin/../lib/gcc/arm-none-eabi/12.3.1/../../../../arm-none-eabi/lib/thumb/v7e-m/nofp/libnosys.a
END GROUP
LOAD /Applications/STM32CubeIDE.app/Contents/Eclipse/plugins/com.st.stm32cube.ide.mcu.externaltools.gnu-tools-for-stm32.12.3.rel1.macos64_1.0.100.202403111906/tools/bin/../lib/gcc/arm-none-eabi/12.3.1/thumb/v7e-m/nofp/crtend.o
LOAD /Applications/STM32CubeIDE.app/Contents/Eclipse/plugins/com.st.stm32cube.ide.mcu.externaltools.gnu-tools-for-stm32.12.3.rel1.macos64_1.0.100.202403111906/tools/bin/../lib/gcc/arm-none-eabi/12.3.1/thumb/v7e-m/nofp/crtn.o
                0x20010000                        _estack = (ORIGIN (RAM) + LENGTH (RAM))
                0x00000200                        _Min_Heap_Size = 0x200
                0x00000800                        _Min_Stack_Size = 0x800

.isr_vector     0x08000000      0x138
                0x08000000                        . = ALIGN (0x4)
 *(.isr_vector)
 .isr_vector    0x08000000      0x138 ./Core/Startup/startup_stm32wl55jcix.o
                0x08000000                g_pfnVectors
                0x08000138                        . = ALIGN (0x4)

.text           0x08000138     0x7784
                0x08000138                        . = ALIGN (0x4)
 *(.text)
 .text          0x08000138       0x40 /Applications/STM32CubeIDE.app/Contents/Eclipse/plugins/com.st.stm32cube.ide.mcu.externaltools.gnu-tools-for-stm32.12.3.rel1.macos64_1.0.100.202403111906/tools/bin/../lib/gcc/arm-none-eabi/12.3.1/thumb/v7e-m/nofp/crtbegin.o
 .text          0x08000178       0x10 /Applications/STM32CubeIDE.app/Contents/Eclipse/plugins/com.st.stm32cube.ide.mcu.externaltools.gnu-tools-for-stm32.12.3.rel1.macos64_1.0.100.202403111906/tools/bin/../lib/gcc/arm-none-eabi/12.3.1/../../../../arm-none-eabi/lib/thumb/v7e-m/nofp/libc_nano.a(libc_a-strlen.o)
                0x08000178                strlen
 .text          0x08000188       0x30 /Applications/STM32CubeIDE.app/Contents/Eclipse/plugins/com.st.stm32cube.ide.mcu.externaltools.gnu-tools-for-stm32.12.3.rel1.macos64_1.0.100.202403111906/tools/bin/../lib/gcc/arm-none-eabi/12.3.1/thumb/v7e-m/nofp/libgcc.a(_aeabi_uldivmod.o)
                0x08000188                __aeabi_uldivmod
 .text          0x080001b8      0x2bc /Applications/STM32CubeIDE.app/Contents/Eclipse/plugins/com.st.stm32cube.ide.mcu.externaltools.gnu-tools-for-stm32.12.3.rel1.macos64_1.0.100.202403111906/tools/bin/../lib/gcc/arm-none-eabi/12.3.1/thumb/v7e-m/nofp/libgcc.a(_udivmoddi4.o)
                0x080001b8                __udivmoddi4
 .text          0x08000474        0x4 /Applications/STM32CubeIDE.app/Contents/Eclipse/plugins/com.st.stm32cube.ide.mcu.externaltools.gnu-tools-for-stm32.12.3.rel1.macos64_1.0.100.202403111906/tools/bin/../lib/gcc/arm-none-eabi/12.3.1/thumb/v7e-m/nofp/libgcc.a(_dvmd_tls.o)
                0x08000474                __aeabi_ldiv0
                0x08000474                __aeabi_idiv0
 *(.text*)
 .text.MX_ADC_Init
                0x08000478       0xc0 ./Core/Src/adc.o
                0x08000478                MX_ADC_Init
 .text.HAL_ADC_MspInit
                0x08000538       0xbc ./Core/Src/adc.o
                0x08000538                HAL_ADC_MspInit
 .text.MX_DMA_Init
                0x080005f4       0x80 ./Core/Src/dma.o
                0x080005f4                MX_DMA_Init
 .text.LL_AHB2_GRP1_EnableClock
                0x08000674       0x18 ./Core/Src/gpio.o
 .text.MX_GPIO_Init
                0x0800068c       0xbc ./Core/Src/gpio.o
                0x0800068c                MX_GPIO_Init
 .text.SystemClock_Config
                0x08000748       0x8c ./Core/Src/main.o
                0x08000748                SystemClock_Config
 .text.startup.main
                0x080007d4       0x78 ./Core/Src/main.o
                0x080007d4                main
 .text.HAL_GPIO_EXTI_Callback
                0x0800084c       0x3c ./Core/Src/main.o
                0x0800084c                HAL_GPIO_EXTI_Callback
 .text.HAL_ADC_ConvCpltCallback
                0x08000888        0xc ./Core/Src/main.o
                0x08000888                HAL_ADC_ConvCpltCallback
 .text.Error_Handler
                0x08000894        0x4 ./Core/Src/main.o
                0x08000894                Error_Handler
 .text.MX_RTC_Init
                0x08000898       0x74 ./Core/Src/rtc.o
                0x08000898                MX_RTC_Init
 .text.HAL_RTC_MspInit
                0x0800090c       0x7c ./Core/Src/rtc.o
                0x0800090c                HAL_RTC_MspInit
 .text.PWR_EnterOffMode
                0x08000988        0x2 ./Core/Src/stm32_lpm_if.o
                0x08000988                PWR_EnterOffMode
 *fill*         0x0800098a        0x2 
 .text.PWR_EnterStopMode
                0x0800098c       0x1c ./Core/Src/stm32_lpm_if.o
                0x0800098c                PWR_EnterStopMode
 .text.PWR_ExitSleepMode
                0x080009a8        0x4 ./Core/Src/stm32_lpm_if.o
                0x080009a8                PWR_ExitSleepMode
 .text.PWR_ExitStopMode
                0x080009ac        0xe ./Core/Src/stm32_lpm_if.o
                0x080009ac                PWR_ExitStopMode
 .text.PWR_EnterSleepMode
                0x080009ba       0x12 ./Core/Src/stm32_lpm_if.o
                0x080009ba                PWR_EnterSleepMode
 .text.PWR_ExitOffMode
                0x080009cc        0x2 ./Core/Src/stm32_lpm_if.o
                0x080009cc                PWR_ExitOffMode
 .text.HAL_MspInit
                0x080009ce        0x2 ./Core/Src/stm32wlxx_hal_msp.o
                0x080009ce                HAL_MspInit
 .text.NMI_Handler
                0x080009d0        0x2 ./Core/Src/stm32wlxx_it.o
                0x080009d0                NMI_Handler
 .text.HardFault_Handler
                0x080009d2        0x2 ./Core/Src/stm32wlxx_it.o
                0x080009d2                HardFault_Handler
 .text.MemManage_Handler
                0x080009d4        0x2 ./Core/Src/stm32wlxx_it.o
                0x080009d4                MemManage_Handler
 .text.BusFault_Handler
                0x080009d6        0x2 ./Core/Src/stm32wlxx_it.o
                0x080009d6                BusFault_Handler
 .text.UsageFault_Handler
                0x080009d8        0x2 ./Core/Src/stm32wlxx_it.o
                0x080009d8                UsageFault_Handler
 .text.SVC_Handler
                0x080009da        0x2 ./Core/Src/stm32wlxx_it.o
                0x080009da                SVC_Handler
 .text.DebugMon_Handler
                0x080009dc        0x2 ./Core/Src/stm32wlxx_it.o
                0x080009dc                DebugMon_Handler
 .text.PendSV_Handler
                0x080009de        0x2 ./Core/Src/stm32wlxx_it.o
                0x080009de                PendSV_Handler
 .text.SysTick_Handler
                0x080009e0        0x2 ./Core/Src/stm32wlxx_it.o
                0x080009e0                SysTick_Handler
 *fill*         0x080009e2        0x2 
 .text.TAMP_STAMP_LSECSS_SSRU_IRQHandler
                0x080009e4        0xc ./Core/Src/stm32wlxx_it.o
                0x080009e4                TAMP_STAMP_LSECSS_SSRU_IRQHandler
 .text.DMA1_Channel1_IRQHandler
                0x080009f0        0xc ./Core/Src/stm32wlxx_it.o
                0x080009f0                DMA1_Channel1_IRQHandler
 .text.DMA1_Channel2_IRQHandler
                0x080009fc        0xc ./Core/Src/stm32wlxx_it.o
                0x080009fc                DMA1_Channel2_IRQHandler
 .text.DMA1_Channel3_IRQHandler
                0x08000a08        0xc ./Core/Src/stm32wlxx_it.o
                0x08000a08                DMA1_Channel3_IRQHandler
 .text.DMA1_Channel4_IRQHandler
                0x08000a14        0xc ./Core/Src/stm32wlxx_it.o
                0x08000a14                DMA1_Channel4_IRQHandler
 .text.DMA1_Channel5_IRQHandler
                0x08000a20        0xc ./Core/Src/stm32wlxx_it.o
                0x08000a20                DMA1_Channel5_IRQHandler
 .text.ADC_IRQHandler
                0x08000a2c        0xc ./Core/Src/stm32wlxx_it.o
                0x08000a2c                ADC_IRQHandler
 .text.USART1_IRQHandler
                0x08000a38        0xc ./Core/Src/stm32wlxx_it.o
                0x08000a38                USART1_IRQHandler
 .text.USART2_IRQHandler
                0x08000a44        0xc ./Core/Src/stm32wlxx_it.o
                0x08000a44                USART2_IRQHandler
 .text.RTC_Alarm_IRQHandler
                0x08000a50        0xc ./Core/Src/stm32wlxx_it.o
                0x08000a50                RTC_Alarm_IRQHandler
 .text.SUBGHZ_Radio_IRQHandler
                0x08000a5c        0xc ./Core/Src/stm32wlxx_it.o
                0x08000a5c                SUBGHZ_Radio_IRQHandler
 .text.EXTI0_IRQHandler
                0x08000a68        0x6 ./Core/Src/stm32wlxx_it.o
                0x08000a68                EXTI0_IRQHandler
 .text.EXTI1_IRQHandler
                0x08000a6e        0x6 ./Core/Src/stm32wlxx_it.o
                0x08000a6e                EXTI1_IRQHandler
 .text.EXTI9_5_IRQHandler
                0x08000a74        0x6 ./Core/Src/stm32wlxx_it.o
                0x08000a74                EXTI9_5_IRQHandler
 *fill*         0x08000a7a        0x2 
 .text.MX_SUBGHZ_Init
                0x08000a7c       0x1c ./Core/Src/subghz.o
                0x08000a7c                MX_SUBGHZ_Init
 .text.HAL_SUBGHZ_MspInit
                0x08000a98       0x2e ./Core/Src/subghz.o
                0x08000a98                HAL_SUBGHZ_MspInit
 *fill*         0x08000ac6        0x2 
 .text.tiny_snprintf_like.constprop.0
                0x08000ac8       0x20 ./Core/Src/sys_app.o
 .text.TimestampNow
                0x08000ae8       0x30 ./Core/Src/sys_app.o
 .text.SystemApp_Init
                0x08000b18       0x4c ./Core/Src/sys_app.o
                0x08000b18                SystemApp_Init
 .text.UTIL_SEQ_Idle
                0x08000b64        0x4 ./Core/Src/sys_app.o
                0x08000b64                UTIL_SEQ_Idle
 .text.UTIL_ADV_TRACE_PreSendHook
                0x08000b68        0x8 ./Core/Src/sys_app.o
                0x08000b68                UTIL_ADV_TRACE_PreSendHook
 .text.UTIL_ADV_TRACE_PostSendHook
                0x08000b70        0x8 ./Core/Src/sys_app.o
                0x08000b70                UTIL_ADV_TRACE_PostSendHook
 .text.HAL_InitTick
                0x08000b78        0x4 ./Core/Src/sys_app.o
                0x08000b78                HAL_InitTick
 .text.HAL_GetTick
                0x08000b7c       0x10 ./Core/Src/sys_app.o
                0x08000b7c                HAL_GetTick
 .text.HAL_Delay
                0x08000b8c        0xc ./Core/Src/sys_app.o
                0x08000b8c                HAL_Delay
 .text.DBG_Init
                0x08000b98       0x58 ./Core/Src/sys_debug.o
                0x08000b98                DBG_Init
 .text.SystemInit
                0x08000bf0        0x2 ./Core/Src/system_stm32wlxx.o
                0x08000bf0                SystemInit
 *fill*         0x08000bf2        0x2 
 .text.TIMER_IF_GetTimerContext
                0x08000bf4        0xc ./Core/Src/timer_if.o
                0x08000bf4                TIMER_IF_GetTimerContext
 .text.TIMER_IF_GetMinimumTimeout
                0x08000c00        0x4 ./Core/Src/timer_if.o
                0x08000c00                TIMER_IF_GetMinimumTimeout
 .text.TIMER_IF_Convert_ms2Tick
                0x08000c04       0x14 ./Core/Src/timer_if.o
                0x08000c04                TIMER_IF_Convert_ms2Tick
 .text.TIMER_IF_Convert_Tick2ms
                0x08000c18       0x10 ./Core/Src/timer_if.o
                0x08000c18                TIMER_IF_Convert_Tick2ms
 .text.GetTimerTicks
                0x08000c28       0x14 ./Core/Src/timer_if.o
 .text.TIMER_IF_SetTimerContext
                0x08000c3c       0x10 ./Core/Src/timer_if.o
                0x08000c3c                TIMER_IF_SetTimerContext
 .text.TIMER_IF_GetTimerElapsedTime
                0x08000c4c       0x14 ./Core/Src/timer_if.o
                0x08000c4c                TIMER_IF_GetTimerElapsedTime
 .text.TIMER_IF_GetTimerValue
                0x08000c60       0x10 ./Core/Src/timer_if.o
                0x08000c60                TIMER_IF_GetTimerValue
 .text.TIMER_IF_StopTimer
                0x08000c70       0x28 ./Core/Src/timer_if.o
                0x08000c70                TIMER_IF_StopTimer
 .text.TIMER_IF_BkUp_Write_Seconds
                0x08000c98       0x10 ./Core/Src/timer_if.o
                0x08000c98                TIMER_IF_BkUp_Write_Seconds
 .text.TIMER_IF_BkUp_Write_SubSeconds
                0x08000ca8       0x10 ./Core/Src/timer_if.o
                0x08000ca8                TIMER_IF_BkUp_Write_SubSeconds
 .text.TIMER_IF_StartTimer
                0x08000cb8       0x50 ./Core/Src/timer_if.o
                0x08000cb8                TIMER_IF_StartTimer
 .text.TIMER_IF_GetTime
                0x08000d08       0x30 ./Core/Src/timer_if.o
                0x08000d08                TIMER_IF_GetTime
 .text.TIMER_IF_BkUp_Read_Seconds
                0x08000d38        0xc ./Core/Src/timer_if.o
                0x08000d38                TIMER_IF_BkUp_Read_Seconds
 .text.TIMER_IF_BkUp_Read_SubSeconds
                0x08000d44        0xc ./Core/Src/timer_if.o
                0x08000d44                TIMER_IF_BkUp_Read_SubSeconds
 .text.TIMER_IF_Init
                0x08000d50       0x48 ./Core/Src/timer_if.o
                0x08000d50                TIMER_IF_Init
 .text.TIMER_IF_DelayMs
                0x08000d98       0x2a ./Core/Src/timer_if.o
                0x08000d98                TIMER_IF_DelayMs
 .text.HAL_RTC_AlarmAEventCallback
                0x08000dc2        0x4 ./Core/Src/timer_if.o
                0x08000dc2                HAL_RTC_AlarmAEventCallback
 *fill*         0x08000dc6        0x2 
 .text.HAL_RTCEx_SSRUEventCallback
                0x08000dc8       0x20 ./Core/Src/timer_if.o
                0x08000dc8                HAL_RTCEx_SSRUEventCallback
 .text.MX_USART1_UART_Init
                0x08000de8       0x64 ./Core/Src/usart.o
                0x08000de8                MX_USART1_UART_Init
 .text.MX_USART2_UART_Init
                0x08000e4c       0x64 ./Core/Src/usart.o
                0x08000e4c                MX_USART2_UART_Init
 .text.HAL_UART_MspInit
                0x08000eb0      0x224 ./Core/Src/usart.o
                0x08000eb0                HAL_UART_MspInit
 .text.HAL_UART_MspDeInit
                0x080010d4       0x74 ./Core/Src/usart.o
                0x080010d4                HAL_UART_MspDeInit
 .text.vcom_Trace_DMA
                0x08001148       0x14 ./Core/Src/usart_if.o
                0x08001148                vcom_Trace_DMA
 .text.vcom_ReceiveInit
                0x0800115c       0x4c ./Core/Src/usart_if.o
                0x0800115c                vcom_ReceiveInit
 .text.vcom_Init
                0x080011a8       0x28 ./Core/Src/usart_if.o
                0x080011a8                vcom_Init
 .text.vcom_DeInit
                0x080011d0       0x2c ./Core/Src/usart_if.o
                0x080011d0                vcom_DeInit
 .text.vcom_Resume
                0x080011fc       0x28 ./Core/Src/usart_if.o
                0x080011fc                vcom_Resume
 .text.HAL_UART_TxCpltCallback
                0x08001224       0x1c ./Core/Src/usart_if.o
                0x08001224                HAL_UART_TxCpltCallback
 .text.HAL_UART_RxCpltCallback
                0x08001240       0x78 ./Core/Src/usart_if.o
                0x08001240                HAL_UART_RxCpltCallback
 .text.Reset_Handler
                0x080012b8       0x50 ./Core/Startup/startup_stm32wl55jcix.o
                0x080012b8                Reset_Handler
 .text.Default_Handler
                0x08001308        0x2 ./Core/Startup/startup_stm32wl55jcix.o
                0x08001308                DMA2_Channel3_IRQHandler
                0x08001308                TIM1_CC_IRQHandler
                0x08001308                EXTI3_IRQHandler
                0x08001308                LPTIM2_IRQHandler
                0x08001308                I2C3_ER_IRQHandler
                0x08001308                LPTIM3_IRQHandler
                0x08001308                I2C2_EV_IRQHandler
                0x08001308                SPI1_IRQHandler
                0x08001308                DMA2_Channel2_IRQHandler
                0x08001308                PKA_IRQHandler
                0x08001308                TIM17_IRQHandler
                0x08001308                DMA1_Channel7_IRQHandler
                0x08001308                SUBGHZSPI_IRQHandler
                0x08001308                IPCC_C1_TX_IRQHandler
                0x08001308                DMA2_Channel1_IRQHandler
                0x08001308                I2C1_EV_IRQHandler
                0x08001308                DMAMUX1_OVR_IRQHandler
                0x08001308                DMA1_Channel6_IRQHandler
                0x08001308                TIM16_IRQHandler
                0x08001308                DMA2_Channel4_IRQHandler
                0x08001308                RCC_IRQHandler
                0x08001308                TIM1_TRG_COM_IRQHandler
                0x08001308                Default_Handler
                0x08001308                DMA2_Channel7_IRQHandler
                0x08001308                EXTI15_10_IRQHandler
                0x08001308                IPCC_C1_RX_IRQHandler
                0x08001308                C2SEV_PWR_C2H_IRQHandler
                0x08001308                I2C3_EV_IRQHandler
                0x08001308                RTC_WKUP_IRQHandler
                0x08001308                PVD_PVM_IRQHandler
                0x08001308                SPI2_IRQHandler
                0x08001308                DMA2_Channel5_IRQHandler
                0x08001308                EXTI4_IRQHandler
                0x08001308                RNG_IRQHandler
                0x08001308                COMP_IRQHandler
                0x08001308                HSEM_IRQHandler
                0x08001308                TIM1_UP_IRQHandler
                0x08001308                WWDG_IRQHandler
                0x08001308                LPUART1_IRQHandler
                0x08001308                DMA2_Channel6_IRQHandler
                0x08001308                TIM2_IRQHandler
                0x08001308                TIM1_BRK_IRQHandler
                0x08001308                DAC_IRQHandler
                0x08001308                AES_IRQHandler
                0x08001308                I2C2_ER_IRQHandler
                0x08001308                FLASH_IRQHandler
                0x08001308                I2C1_ER_IRQHandler
                0x08001308                LPTIM1_IRQHandler
                0x08001308                EXTI2_IRQHandler
 *fill*         0x0800130a        0x2 
 .text.HAL_Init
                0x0800130c       0x2c ./Drivers/STM32WLxx_HAL_Driver/Src/stm32wlxx_hal.o
                0x0800130c                HAL_Init
 .text.HAL_SuspendTick
                0x08001338        0xe ./Drivers/STM32WLxx_HAL_Driver/Src/stm32wlxx_hal.o
                0x08001338                HAL_SuspendTick
 .text.HAL_ResumeTick
                0x08001346        0xe ./Drivers/STM32WLxx_HAL_Driver/Src/stm32wlxx_hal.o
                0x08001346                HAL_ResumeTick
 .text.HAL_DBGMCU_DisableDBGSleepMode
                0x08001354       0x10 ./Drivers/STM32WLxx_HAL_Driver/Src/stm32wlxx_hal.o
                0x08001354                HAL_DBGMCU_DisableDBGSleepMode
 .text.HAL_DBGMCU_DisableDBGStopMode
                0x08001364       0x10 ./Drivers/STM32WLxx_HAL_Driver/Src/stm32wlxx_hal.o
                0x08001364                HAL_DBGMCU_DisableDBGStopMode
 .text.HAL_DBGMCU_DisableDBGStandbyMode
                0x08001374       0x10 ./Drivers/STM32WLxx_HAL_Driver/Src/stm32wlxx_hal.o
                0x08001374                HAL_DBGMCU_DisableDBGStandbyMode
 .text.LL_ADC_REG_IsConversionOngoing
                0x08001384        0x8 ./Drivers/STM32WLxx_HAL_Driver/Src/stm32wlxx_hal_adc.o
 .text.HAL_ADC_Init
                0x0800138c      0x200 ./Drivers/STM32WLxx_HAL_Driver/Src/stm32wlxx_hal_adc.o
                0x0800138c                HAL_ADC_Init
 .text.HAL_ADC_LevelOutOfWindowCallback
                0x0800158c        0x2 ./Drivers/STM32WLxx_HAL_Driver/Src/stm32wlxx_hal_adc.o
                0x0800158c                HAL_ADC_LevelOutOfWindowCallback
 .text.HAL_ADC_ErrorCallback
                0x0800158e        0x2 ./Drivers/STM32WLxx_HAL_Driver/Src/stm32wlxx_hal_adc.o
                0x0800158e                HAL_ADC_ErrorCallback
 .text.HAL_ADC_IRQHandler
                0x08001590      0x13e ./Drivers/STM32WLxx_HAL_Driver/Src/stm32wlxx_hal_adc.o
                0x08001590                HAL_ADC_IRQHandler
 *fill*         0x080016ce        0x2 
 .text.HAL_ADC_ConfigChannel
                0x080016d0      0x1b0 ./Drivers/STM32WLxx_HAL_Driver/Src/stm32wlxx_hal_adc.o
                0x080016d0                HAL_ADC_ConfigChannel
 .text.HAL_ADCEx_LevelOutOfWindow2Callback
                0x08001880        0x2 ./Drivers/STM32WLxx_HAL_Driver/Src/stm32wlxx_hal_adc_ex.o
                0x08001880                HAL_ADCEx_LevelOutOfWindow2Callback
 .text.HAL_ADCEx_LevelOutOfWindow3Callback
                0x08001882        0x2 ./Drivers/STM32WLxx_HAL_Driver/Src/stm32wlxx_hal_adc_ex.o
                0x08001882                HAL_ADCEx_LevelOutOfWindow3Callback
 .text.HAL_ADCEx_EndOfSamplingCallback
                0x08001884        0x2 ./Drivers/STM32WLxx_HAL_Driver/Src/stm32wlxx_hal_adc_ex.o
                0x08001884                HAL_ADCEx_EndOfSamplingCallback
 .text.HAL_ADCEx_ChannelConfigReadyCallback
                0x08001886        0x2 ./Drivers/STM32WLxx_HAL_Driver/Src/stm32wlxx_hal_adc_ex.o
                0x08001886                HAL_ADCEx_ChannelConfigReadyCallback
 .text.HAL_NVIC_SetPriorityGrouping
                0x08001888       0x24 ./Drivers/STM32WLxx_HAL_Driver/Src/stm32wlxx_hal_cortex.o
                0x08001888                HAL_NVIC_SetPriorityGrouping
 .text.HAL_NVIC_SetPriority
                0x080018ac       0x64 ./Drivers/STM32WLxx_HAL_Driver/Src/stm32wlxx_hal_cortex.o
                0x080018ac                HAL_NVIC_SetPriority
 .text.HAL_NVIC_EnableIRQ
                0x08001910       0x1c ./Drivers/STM32WLxx_HAL_Driver/Src/stm32wlxx_hal_cortex.o
                0x08001910                HAL_NVIC_EnableIRQ
 .text.HAL_NVIC_DisableIRQ
                0x0800192c       0x24 ./Drivers/STM32WLxx_HAL_Driver/Src/stm32wlxx_hal_cortex.o
                0x0800192c                HAL_NVIC_DisableIRQ
 .text.DMA_SetConfig
                0x08001950       0x34 ./Drivers/STM32WLxx_HAL_Driver/Src/stm32wlxx_hal_dma.o
 .text.DMA_CalcDMAMUXChannelBaseAndMask
                0x08001984       0x4c ./Drivers/STM32WLxx_HAL_Driver/Src/stm32wlxx_hal_dma.o
 .text.HAL_DMA_Init
                0x080019d0       0xe4 ./Drivers/STM32WLxx_HAL_Driver/Src/stm32wlxx_hal_dma.o
                0x080019d0                HAL_DMA_Init
 .text.HAL_DMA_DeInit
                0x08001ab4       0xac ./Drivers/STM32WLxx_HAL_Driver/Src/stm32wlxx_hal_dma.o
                0x08001ab4                HAL_DMA_DeInit
 .text.HAL_DMA_Start_IT
                0x08001b60       0x88 ./Drivers/STM32WLxx_HAL_Driver/Src/stm32wlxx_hal_dma.o
                0x08001b60                HAL_DMA_Start_IT
 .text.HAL_DMA_Abort
                0x08001be8       0x6a ./Drivers/STM32WLxx_HAL_Driver/Src/stm32wlxx_hal_dma.o
                0x08001be8                HAL_DMA_Abort
 .text.HAL_DMA_Abort_IT
                0x08001c52       0x6a ./Drivers/STM32WLxx_HAL_Driver/Src/stm32wlxx_hal_dma.o
                0x08001c52                HAL_DMA_Abort_IT
 .text.HAL_DMA_IRQHandler
                0x08001cbc       0xac ./Drivers/STM32WLxx_HAL_Driver/Src/stm32wlxx_hal_dma.o
                0x08001cbc                HAL_DMA_IRQHandler
 .text.HAL_DMA_ConfigChannelAttributes
                0x08001d68       0x20 ./Drivers/STM32WLxx_HAL_Driver/Src/stm32wlxx_hal_dma.o
                0x08001d68                HAL_DMA_ConfigChannelAttributes
 .text.HAL_GPIO_Init
                0x08001d88      0x158 ./Drivers/STM32WLxx_HAL_Driver/Src/stm32wlxx_hal_gpio.o
                0x08001d88                HAL_GPIO_Init
 .text.HAL_GPIO_DeInit
                0x08001ee0       0xe8 ./Drivers/STM32WLxx_HAL_Driver/Src/stm32wlxx_hal_gpio.o
                0x08001ee0                HAL_GPIO_DeInit
 .text.HAL_GPIO_WritePin
                0x08001fc8        0xa ./Drivers/STM32WLxx_HAL_Driver/Src/stm32wlxx_hal_gpio.o
                0x08001fc8                HAL_GPIO_WritePin
 .text.HAL_GPIO_TogglePin
                0x08001fd2       0x12 ./Drivers/STM32WLxx_HAL_Driver/Src/stm32wlxx_hal_gpio.o
                0x08001fd2                HAL_GPIO_TogglePin
 .text.HAL_GPIO_EXTI_IRQHandler
                0x08001fe4       0x18 ./Drivers/STM32WLxx_HAL_Driver/Src/stm32wlxx_hal_gpio.o
                0x08001fe4                HAL_GPIO_EXTI_IRQHandler
 .text.HAL_PWR_EnableBkUpAccess
                0x08001ffc       0x10 ./Drivers/STM32WLxx_HAL_Driver/Src/stm32wlxx_hal_pwr.o
                0x08001ffc                HAL_PWR_EnableBkUpAccess
 .text.HAL_PWR_EnterSLEEPMode
                0x0800200c       0x40 ./Drivers/STM32WLxx_HAL_Driver/Src/stm32wlxx_hal_pwr.o
                0x0800200c                HAL_PWR_EnterSLEEPMode
 .text.HAL_PWREx_GetVoltageRange
                0x0800204c       0x10 ./Drivers/STM32WLxx_HAL_Driver/Src/stm32wlxx_hal_pwr_ex.o
                0x0800204c                HAL_PWREx_GetVoltageRange
 .text.HAL_PWREx_EnableLowPowerRunMode
                0x0800205c       0x10 ./Drivers/STM32WLxx_HAL_Driver/Src/stm32wlxx_hal_pwr_ex.o
                0x0800205c                HAL_PWREx_EnableLowPowerRunMode
 .text.HAL_PWREx_DisableLowPowerRunMode
                0x0800206c       0x40 ./Drivers/STM32WLxx_HAL_Driver/Src/stm32wlxx_hal_pwr_ex.o
                0x0800206c                HAL_PWREx_DisableLowPowerRunMode
 .text.HAL_PWREx_EnterSTOP2Mode
                0x080020ac       0x38 ./Drivers/STM32WLxx_HAL_Driver/Src/stm32wlxx_hal_pwr_ex.o
                0x080020ac                HAL_PWREx_EnterSTOP2Mode
 .text.LL_RCC_HSE_IsReady
                0x080020e4        0xc ./Drivers/STM32WLxx_HAL_Driver/Src/stm32wlxx_hal_rcc.o
 .text.LL_RCC_MSI_IsReady
                0x080020f0        0xc ./Drivers/STM32WLxx_HAL_Driver/Src/stm32wlxx_hal_rcc.o
 .text.LL_RCC_MSI_SetCalibTrimming
                0x080020fc       0x12 ./Drivers/STM32WLxx_HAL_Driver/Src/stm32wlxx_hal_rcc.o
 .text.LL_RCC_PLL_IsReady
                0x0800210e        0xc ./Drivers/STM32WLxx_HAL_Driver/Src/stm32wlxx_hal_rcc.o
 *fill*         0x0800211a        0x2 
 .text.RCC_SetFlashLatencyFromMSIRange
                0x0800211c       0xd4 ./Drivers/STM32WLxx_HAL_Driver/Src/stm32wlxx_hal_rcc.o
 .text.HAL_RCC_GetSysClockFreq
                0x080021f0       0xdc ./Drivers/STM32WLxx_HAL_Driver/Src/stm32wlxx_hal_rcc.o
                0x080021f0                HAL_RCC_GetSysClockFreq
 .text.HAL_RCC_GetHCLKFreq
                0x080022cc       0x20 ./Drivers/STM32WLxx_HAL_Driver/Src/stm32wlxx_hal_rcc.o
                0x080022cc                HAL_RCC_GetHCLKFreq
 .text.HAL_RCC_OscConfig
                0x080022ec      0x534 ./Drivers/STM32WLxx_HAL_Driver/Src/stm32wlxx_hal_rcc.o
                0x080022ec                HAL_RCC_OscConfig
 .text.HAL_RCC_ClockConfig
                0x08002820      0x1f4 ./Drivers/STM32WLxx_HAL_Driver/Src/stm32wlxx_hal_rcc.o
                0x08002820                HAL_RCC_ClockConfig
 .text.HAL_RCC_GetPCLK1Freq
                0x08002a14       0x20 ./Drivers/STM32WLxx_HAL_Driver/Src/stm32wlxx_hal_rcc.o
                0x08002a14                HAL_RCC_GetPCLK1Freq
 .text.HAL_RCC_GetPCLK2Freq
                0x08002a34       0x20 ./Drivers/STM32WLxx_HAL_Driver/Src/stm32wlxx_hal_rcc.o
                0x08002a34                HAL_RCC_GetPCLK2Freq
 .text.LL_RCC_LSE_IsReady
                0x08002a54        0xe ./Drivers/STM32WLxx_HAL_Driver/Src/stm32wlxx_hal_rcc_ex.o
 .text.LL_RCC_SetI2CClockSource
                0x08002a62       0x20 ./Drivers/STM32WLxx_HAL_Driver/Src/stm32wlxx_hal_rcc_ex.o
 .text.LL_RCC_SetLPTIMClockSource
                0x08002a82       0x1a ./Drivers/STM32WLxx_HAL_Driver/Src/stm32wlxx_hal_rcc_ex.o
 .text.HAL_RCCEx_PeriphCLKConfig
                0x08002a9c      0x19c ./Drivers/STM32WLxx_HAL_Driver/Src/stm32wlxx_hal_rcc_ex.o
                0x08002a9c                HAL_RCCEx_PeriphCLKConfig
 .text.HAL_RTC_DeactivateAlarm
                0x08002c38       0x74 ./Drivers/STM32WLxx_HAL_Driver/Src/stm32wlxx_hal_rtc.o
                0x08002c38                HAL_RTC_DeactivateAlarm
 .text.HAL_RTC_AlarmIRQHandler
                0x08002cac       0x34 ./Drivers/STM32WLxx_HAL_Driver/Src/stm32wlxx_hal_rtc.o
                0x08002cac                HAL_RTC_AlarmIRQHandler
 .text.HAL_RTC_WaitForSynchro
                0x08002ce0       0x30 ./Drivers/STM32WLxx_HAL_Driver/Src/stm32wlxx_hal_rtc.o
                0x08002ce0                HAL_RTC_WaitForSynchro
 .text.RTC_EnterInitMode
                0x08002d10       0x4c ./Drivers/STM32WLxx_HAL_Driver/Src/stm32wlxx_hal_rtc.o
                0x08002d10                RTC_EnterInitMode
 .text.RTC_ExitInitMode
                0x08002d5c       0x44 ./Drivers/STM32WLxx_HAL_Driver/Src/stm32wlxx_hal_rtc.o
                0x08002d5c                RTC_ExitInitMode
 .text.HAL_RTC_Init
                0x08002da0       0xa8 ./Drivers/STM32WLxx_HAL_Driver/Src/stm32wlxx_hal_rtc.o
                0x08002da0                HAL_RTC_Init
 .text.RTC_ByteToBcd2
                0x08002e48       0x16 ./Drivers/STM32WLxx_HAL_Driver/Src/stm32wlxx_hal_rtc.o
                0x08002e48                RTC_ByteToBcd2
 *fill*         0x08002e5e        0x2 
 .text.HAL_RTC_SetAlarm_IT
                0x08002e60      0x15c ./Drivers/STM32WLxx_HAL_Driver/Src/stm32wlxx_hal_rtc.o
                0x08002e60                HAL_RTC_SetAlarm_IT
 .text.HAL_RTCEx_EnableBypassShadow
                0x08002fbc       0x3c ./Drivers/STM32WLxx_HAL_Driver/Src/stm32wlxx_hal_rtc_ex.o
                0x08002fbc                HAL_RTCEx_EnableBypassShadow
 .text.HAL_RTCEx_SetSSRU_IT
                0x08002ff8       0x4c ./Drivers/STM32WLxx_HAL_Driver/Src/stm32wlxx_hal_rtc_ex.o
                0x08002ff8                HAL_RTCEx_SetSSRU_IT
 .text.HAL_RTCEx_SSRUIRQHandler
                0x08003044       0x20 ./Drivers/STM32WLxx_HAL_Driver/Src/stm32wlxx_hal_rtc_ex.o
                0x08003044                HAL_RTCEx_SSRUIRQHandler
 .text.HAL_RTCEx_AlarmBEventCallback
                0x08003064        0x2 ./Drivers/STM32WLxx_HAL_Driver/Src/stm32wlxx_hal_rtc_ex.o
                0x08003064                HAL_RTCEx_AlarmBEventCallback
 .text.HAL_RTCEx_BKUPWrite
                0x08003066        0xe ./Drivers/STM32WLxx_HAL_Driver/Src/stm32wlxx_hal_rtc_ex.o
                0x08003066                HAL_RTCEx_BKUPWrite
 .text.HAL_RTCEx_BKUPRead
                0x08003074        0xe ./Drivers/STM32WLxx_HAL_Driver/Src/stm32wlxx_hal_rtc_ex.o
                0x08003074                HAL_RTCEx_BKUPRead
 *fill*         0x08003082        0x2 
 .text.LL_PWR_UnselectSUBGHZSPI_NSS
                0x08003084       0x14 ./Drivers/STM32WLxx_HAL_Driver/Src/stm32wlxx_hal_subghz.o
 .text.LL_PWR_SelectSUBGHZSPI_NSS
                0x08003098       0x14 ./Drivers/STM32WLxx_HAL_Driver/Src/stm32wlxx_hal_subghz.o
 .text.SUBGHZSPI_Init
                0x080030ac       0x24 ./Drivers/STM32WLxx_HAL_Driver/Src/stm32wlxx_hal_subghz.o
                0x080030ac                SUBGHZSPI_Init
 .text.HAL_SUBGHZ_Init
                0x080030d0       0xb8 ./Drivers/STM32WLxx_HAL_Driver/Src/stm32wlxx_hal_subghz.o
                0x080030d0                HAL_SUBGHZ_Init
 .text.SUBGHZSPI_Transmit
                0x08003188       0x68 ./Drivers/STM32WLxx_HAL_Driver/Src/stm32wlxx_hal_subghz.o
                0x08003188                SUBGHZSPI_Transmit
 .text.SUBGHZSPI_Receive
                0x080031f0       0x6c ./Drivers/STM32WLxx_HAL_Driver/Src/stm32wlxx_hal_subghz.o
                0x080031f0                SUBGHZSPI_Receive
 .text.SUBGHZ_WaitOnBusy
                0x0800325c       0x44 ./Drivers/STM32WLxx_HAL_Driver/Src/stm32wlxx_hal_subghz.o
                0x0800325c                SUBGHZ_WaitOnBusy
 .text.SUBGHZ_CheckDeviceReady
                0x080032a0       0x38 ./Drivers/STM32WLxx_HAL_Driver/Src/stm32wlxx_hal_subghz.o
                0x080032a0                SUBGHZ_CheckDeviceReady
 .text.HAL_SUBGHZ_WriteRegisters
                0x080032d8       0x72 ./Drivers/STM32WLxx_HAL_Driver/Src/stm32wlxx_hal_subghz.o
                0x080032d8                HAL_SUBGHZ_WriteRegisters
 .text.HAL_SUBGHZ_ReadRegisters
                0x0800334a       0x76 ./Drivers/STM32WLxx_HAL_Driver/Src/stm32wlxx_hal_subghz.o
                0x0800334a                HAL_SUBGHZ_ReadRegisters
 .text.HAL_SUBGHZ_ExecSetCmd
                0x080033c0       0x70 ./Drivers/STM32WLxx_HAL_Driver/Src/stm32wlxx_hal_subghz.o
                0x080033c0                HAL_SUBGHZ_ExecSetCmd
 .text.HAL_SUBGHZ_ExecGetCmd
                0x08003430       0x66 ./Drivers/STM32WLxx_HAL_Driver/Src/stm32wlxx_hal_subghz.o
                0x08003430                HAL_SUBGHZ_ExecGetCmd
 .text.HAL_SUBGHZ_IRQHandler
                0x08003496       0x98 ./Drivers/STM32WLxx_HAL_Driver/Src/stm32wlxx_hal_subghz.o
                0x08003496                HAL_SUBGHZ_IRQHandler
 .text.HAL_SUBGHZ_WriteBuffer
                0x0800352e       0x66 ./Drivers/STM32WLxx_HAL_Driver/Src/stm32wlxx_hal_subghz.o
                0x0800352e                HAL_SUBGHZ_WriteBuffer
 .text.HAL_SUBGHZ_ReadBuffer
                0x08003594       0x6e ./Drivers/STM32WLxx_HAL_Driver/Src/stm32wlxx_hal_subghz.o
                0x08003594                HAL_SUBGHZ_ReadBuffer
 .text.UART_EndTxTransfer
                0x08003602       0x34 ./Drivers/STM32WLxx_HAL_Driver/Src/stm32wlxx_hal_uart.o
 *fill*         0x08003636        0x2 
 .text.UART_EndRxTransfer
                0x08003638       0x58 ./Drivers/STM32WLxx_HAL_Driver/Src/stm32wlxx_hal_uart.o
 .text.HAL_UART_Transmit_DMA
                0x08003690       0x84 ./Drivers/STM32WLxx_HAL_Driver/Src/stm32wlxx_hal_uart.o
                0x08003690                HAL_UART_Transmit_DMA
 .text.UART_DMATransmitCplt
                0x08003714       0x46 ./Drivers/STM32WLxx_HAL_Driver/Src/stm32wlxx_hal_uart.o
 .text.HAL_UART_TxHalfCpltCallback
                0x0800375a        0x2 ./Drivers/STM32WLxx_HAL_Driver/Src/stm32wlxx_hal_uart.o
                0x0800375a                HAL_UART_TxHalfCpltCallback
 .text.UART_DMATxHalfCplt
                0x0800375c        0xa ./Drivers/STM32WLxx_HAL_Driver/Src/stm32wlxx_hal_uart.o
 .text.HAL_UART_ErrorCallback
                0x08003766        0x2 ./Drivers/STM32WLxx_HAL_Driver/Src/stm32wlxx_hal_uart.o
                0x08003766                HAL_UART_ErrorCallback
 .text.UART_DMAError
                0x08003768       0x48 ./Drivers/STM32WLxx_HAL_Driver/Src/stm32wlxx_hal_uart.o
 .text.UART_DMAAbortOnError
                0x080037b0       0x14 ./Drivers/STM32WLxx_HAL_Driver/Src/stm32wlxx_hal_uart.o
 .text.HAL_UARTEx_RxEventCallback
                0x080037c4        0x2 ./Drivers/STM32WLxx_HAL_Driver/Src/stm32wlxx_hal_uart.o
                0x080037c4                HAL_UARTEx_RxEventCallback
 *fill*         0x080037c6        0x2 
 .text.HAL_UART_IRQHandler
                0x080037c8      0x2f8 ./Drivers/STM32WLxx_HAL_Driver/Src/stm32wlxx_hal_uart.o
                0x080037c8                HAL_UART_IRQHandler
 .text.UART_RxISR_8BIT
                0x08003ac0       0xcc ./Drivers/STM32WLxx_HAL_Driver/Src/stm32wlxx_hal_uart.o
 .text.UART_RxISR_16BIT
                0x08003b8c       0xc4 ./Drivers/STM32WLxx_HAL_Driver/Src/stm32wlxx_hal_uart.o
 .text.UART_RxISR_8BIT_FIFOEN
                0x08003c50      0x1a8 ./Drivers/STM32WLxx_HAL_Driver/Src/stm32wlxx_hal_uart.o
 .text.UART_RxISR_16BIT_FIFOEN
                0x08003df8      0x1a4 ./Drivers/STM32WLxx_HAL_Driver/Src/stm32wlxx_hal_uart.o
 .text.UART_SetConfig
                0x08003f9c      0x21c ./Drivers/STM32WLxx_HAL_Driver/Src/stm32wlxx_hal_uart.o
                0x08003f9c                UART_SetConfig
 .text.UART_AdvFeatureConfig
                0x080041b8       0xa8 ./Drivers/STM32WLxx_HAL_Driver/Src/stm32wlxx_hal_uart.o
                0x080041b8                UART_AdvFeatureConfig
 .text.UART_WaitOnFlagUntilTimeout
                0x08004260       0xc8 ./Drivers/STM32WLxx_HAL_Driver/Src/stm32wlxx_hal_uart.o
                0x08004260                UART_WaitOnFlagUntilTimeout
 .text.UART_CheckIdleState
                0x08004328       0x6a ./Drivers/STM32WLxx_HAL_Driver/Src/stm32wlxx_hal_uart.o
                0x08004328                UART_CheckIdleState
 .text.HAL_UART_Init
                0x08004392       0x60 ./Drivers/STM32WLxx_HAL_Driver/Src/stm32wlxx_hal_uart.o
                0x08004392                HAL_UART_Init
 *fill*         0x080043f2        0x2 
 .text.UART_Start_Receive_IT
                0x080043f4      0x108 ./Drivers/STM32WLxx_HAL_Driver/Src/stm32wlxx_hal_uart.o
                0x080043f4                UART_Start_Receive_IT
 .text.HAL_UART_Receive_IT
                0x080044fc       0x44 ./Drivers/STM32WLxx_HAL_Driver/Src/stm32wlxx_hal_uart.o
                0x080044fc                HAL_UART_Receive_IT
 .text.UARTEx_SetNbDataToProcess
                0x08004540       0x44 ./Drivers/STM32WLxx_HAL_Driver/Src/stm32wlxx_hal_uart_ex.o
 .text.HAL_UARTEx_WakeupCallback
                0x08004584        0x2 ./Drivers/STM32WLxx_HAL_Driver/Src/stm32wlxx_hal_uart_ex.o
                0x08004584                HAL_UARTEx_WakeupCallback
 .text.HAL_UARTEx_RxFifoFullCallback
                0x08004586        0x2 ./Drivers/STM32WLxx_HAL_Driver/Src/stm32wlxx_hal_uart_ex.o
                0x08004586                HAL_UARTEx_RxFifoFullCallback
 .text.HAL_UARTEx_TxFifoEmptyCallback
                0x08004588        0x2 ./Drivers/STM32WLxx_HAL_Driver/Src/stm32wlxx_hal_uart_ex.o
                0x08004588                HAL_UARTEx_TxFifoEmptyCallback
 .text.HAL_UARTEx_StopModeWakeUpSourceConfig
                0x0800458a       0x8c ./Drivers/STM32WLxx_HAL_Driver/Src/stm32wlxx_hal_uart_ex.o
                0x0800458a                HAL_UARTEx_StopModeWakeUpSourceConfig
 .text.HAL_UARTEx_EnableStopMode
                0x08004616       0x2c ./Drivers/STM32WLxx_HAL_Driver/Src/stm32wlxx_hal_uart_ex.o
                0x08004616                HAL_UARTEx_EnableStopMode
 .text.HAL_UARTEx_EnableFifoMode
                0x08004642       0x40 ./Drivers/STM32WLxx_HAL_Driver/Src/stm32wlxx_hal_uart_ex.o
                0x08004642                HAL_UARTEx_EnableFifoMode
 .text.HAL_UARTEx_DisableFifoMode
                0x08004682       0x36 ./Drivers/STM32WLxx_HAL_Driver/Src/stm32wlxx_hal_uart_ex.o
                0x08004682                HAL_UARTEx_DisableFifoMode
 .text.HAL_UARTEx_SetTxFifoThreshold
                0x080046b8       0x40 ./Drivers/STM32WLxx_HAL_Driver/Src/stm32wlxx_hal_uart_ex.o
                0x080046b8                HAL_UARTEx_SetTxFifoThreshold
 .text.HAL_UARTEx_SetRxFifoThreshold
                0x080046f8       0x40 ./Drivers/STM32WLxx_HAL_Driver/Src/stm32wlxx_hal_uart_ex.o
                0x080046f8                HAL_UARTEx_SetRxFifoThreshold
 .text.BSP_RADIO_Init
                0x08004738       0x80 ./Drivers/stm32wlxx-nucleo-bsp/stm32wlxx_nucleo_radio.o
                0x08004738                BSP_RADIO_Init
 .text.BSP_RADIO_ConfigRFSwitch
                0x080047b8       0x68 ./Drivers/stm32wlxx-nucleo-bsp/stm32wlxx_nucleo_radio.o
                0x080047b8                BSP_RADIO_ConfigRFSwitch
 .text.BSP_RADIO_GetTxConfig
                0x08004820        0x4 ./Drivers/stm32wlxx-nucleo-bsp/stm32wlxx_nucleo_radio.o
                0x08004820                BSP_RADIO_GetTxConfig
 .text.BSP_RADIO_IsTCXO
                0x08004824        0x4 ./Drivers/stm32wlxx-nucleo-bsp/stm32wlxx_nucleo_radio.o
                0x08004824                BSP_RADIO_IsTCXO
 .text.BSP_RADIO_IsDCDC
                0x08004828        0x4 ./Drivers/stm32wlxx-nucleo-bsp/stm32wlxx_nucleo_radio.o
                0x08004828                BSP_RADIO_IsDCDC
 .text.BSP_RADIO_GetRFOMaxPowerConfig
                0x0800482c        0xa ./Drivers/stm32wlxx-nucleo-bsp/stm32wlxx_nucleo_radio.o
                0x0800482c                BSP_RADIO_GetRFOMaxPowerConfig
 .text.RadioCheckRfFrequency
                0x08004836        0x4 ./Middlewares/Third_Party/SubGHz_Phy/stm32_radio_driver/radio.o
 *fill*         0x0800483a        0x2 
 .text.RadioOnTxTimeoutIrq
                0x0800483c       0x14 ./Middlewares/Third_Party/SubGHz_Phy/stm32_radio_driver/radio.o
 .text.RadioOnRxTimeoutIrq
                0x08004850       0x14 ./Middlewares/Third_Party/SubGHz_Phy/stm32_radio_driver/radio.o
 .text.RadioLrFhssSetCfg
                0x08004864        0x4 ./Middlewares/Third_Party/SubGHz_Phy/stm32_radio_driver/radio.o
 .text.RadioLrFhssGetTimeOnAirInMs
                0x08004868        0x4 ./Middlewares/Third_Party/SubGHz_Phy/stm32_radio_driver/radio.o
 .text.RadioRead
                0x0800486c        0x4 ./Middlewares/Third_Party/SubGHz_Phy/stm32_radio_driver/radio.o
 .text.RadioWrite
                0x08004870        0x4 ./Middlewares/Third_Party/SubGHz_Phy/stm32_radio_driver/radio.o
 .text.RadioTxCw
                0x08004874       0x22 ./Middlewares/Third_Party/SubGHz_Phy/stm32_radio_driver/radio.o
 *fill*         0x08004896        0x2 
 .text.RadioSetRxDutyCycle
                0x08004898       0x38 ./Middlewares/Third_Party/SubGHz_Phy/stm32_radio_driver/radio.o
 .text.RadioRxBoosted
                0x080048d0       0x5c ./Middlewares/Third_Party/SubGHz_Phy/stm32_radio_driver/radio.o
 .text.RadioStandby
                0x0800492c        0x6 ./Middlewares/Third_Party/SubGHz_Phy/stm32_radio_driver/radio.o
 *fill*         0x08004932        0x2 
 .text.RadioGetStatus
                0x08004934       0x1c ./Middlewares/Third_Party/SubGHz_Phy/stm32_radio_driver/radio.o
 .text.RadioGetWakeupTime
                0x08004950        0xa ./Middlewares/Third_Party/SubGHz_Phy/stm32_radio_driver/radio.o
 .text.RadioReadRegisters
                0x0800495a        0x4 ./Middlewares/Third_Party/SubGHz_Phy/stm32_radio_driver/radio.o
 .text.RadioWriteRegisters
                0x0800495e        0x4 ./Middlewares/Third_Party/SubGHz_Phy/stm32_radio_driver/radio.o
 .text.RadioRssi
                0x08004962        0x8 ./Middlewares/Third_Party/SubGHz_Phy/stm32_radio_driver/radio.o
 *fill*         0x0800496a        0x2 
 .text.RadioSetTxContinuousWave
                0x0800496c       0x44 ./Middlewares/Third_Party/SubGHz_Phy/stm32_radio_driver/radio.o
 .text.RadioSetChannel
                0x080049b0        0x4 ./Middlewares/Third_Party/SubGHz_Phy/stm32_radio_driver/radio.o
 .text.RadioStartCad
                0x080049b4       0x28 ./Middlewares/Third_Party/SubGHz_Phy/stm32_radio_driver/radio.o
 .text.RadioRx  0x080049dc       0x5c ./Middlewares/Third_Party/SubGHz_Phy/stm32_radio_driver/radio.o
 .text.RadioSleep
                0x08004a38       0x14 ./Middlewares/Third_Party/SubGHz_Phy/stm32_radio_driver/radio.o
 .text.RadioRandom
                0x08004a4c       0x16 ./Middlewares/Third_Party/SubGHz_Phy/stm32_radio_driver/radio.o
 *fill*         0x08004a62        0x2 
 .text.RadioInit
                0x08004a64       0x94 ./Middlewares/Third_Party/SubGHz_Phy/stm32_radio_driver/radio.o
 .text.RadioSetMaxPayloadLength
                0x08004af8       0x2c ./Middlewares/Third_Party/SubGHz_Phy/stm32_radio_driver/radio.o
 .text.RadioSetPublicNetwork
                0x08004b24       0x3c ./Middlewares/Third_Party/SubGHz_Phy/stm32_radio_driver/radio.o
 .text.RadioSetModem
                0x08004b60       0x4c ./Middlewares/Third_Party/SubGHz_Phy/stm32_radio_driver/radio.o
 .text.RadioSetTxGenericConfig
                0x08004bac      0x278 ./Middlewares/Third_Party/SubGHz_Phy/stm32_radio_driver/radio.o
 .text.RadioSetRxGenericConfig
                0x08004e24      0x1f8 ./Middlewares/Third_Party/SubGHz_Phy/stm32_radio_driver/radio.o
 .text.RadioSetTxConfig
                0x0800501c      0x188 ./Middlewares/Third_Party/SubGHz_Phy/stm32_radio_driver/radio.o
 .text.RadioSetRxConfig
                0x080051a4      0x2d4 ./Middlewares/Third_Party/SubGHz_Phy/stm32_radio_driver/radio.o
 .text.RadioIsChannelFree
                0x08005478       0x7a ./Middlewares/Third_Party/SubGHz_Phy/stm32_radio_driver/radio.o
 *fill*         0x080054f2        0x2 
 .text.RadioSend
                0x080054f4      0x1b4 ./Middlewares/Third_Party/SubGHz_Phy/stm32_radio_driver/radio.o
 .text.RadioTimeOnAir
                0x080056a8       0xec ./Middlewares/Third_Party/SubGHz_Phy/stm32_radio_driver/radio.o
 .text.RadioTxPrbs
                0x08005794       0x30 ./Middlewares/Third_Party/SubGHz_Phy/stm32_radio_driver/radio.o
 .text.RadioIrqProcess
                0x080057c4      0x2a4 ./Middlewares/Third_Party/SubGHz_Phy/stm32_radio_driver/radio.o
 .text.RadioOnDioIrq
                0x08005a68       0x10 ./Middlewares/Third_Party/SubGHz_Phy/stm32_radio_driver/radio.o
 .text.SUBGRF_GetOperatingMode
                0x08005a78        0xc ./Middlewares/Third_Party/SubGHz_Phy/stm32_radio_driver/radio_driver.o
                0x08005a78                SUBGRF_GetOperatingMode
 .text.SUBGRF_WriteRegister
                0x08005a84       0x20 ./Middlewares/Third_Party/SubGHz_Phy/stm32_radio_driver/radio_driver.o
                0x08005a84                SUBGRF_WriteRegister
 .text.SUBGRF_ReadRegister
                0x08005aa4       0x20 ./Middlewares/Third_Party/SubGHz_Phy/stm32_radio_driver/radio_driver.o
                0x08005aa4                SUBGRF_ReadRegister
 .text.Radio_SMPS_Set
                0x08005ac4       0x28 ./Middlewares/Third_Party/SubGHz_Phy/stm32_radio_driver/radio_driver.o
 .text.SUBGRF_SetWhiteningSeed
                0x08005aec       0x38 ./Middlewares/Third_Party/SubGHz_Phy/stm32_radio_driver/radio_driver.o
                0x08005aec                SUBGRF_SetWhiteningSeed
 .text.SUBGRF_WriteRegisters
                0x08005b24       0x20 ./Middlewares/Third_Party/SubGHz_Phy/stm32_radio_driver/radio_driver.o
                0x08005b24                SUBGRF_WriteRegisters
 .text.SUBGRF_SetSyncWord
                0x08005b44       0x12 ./Middlewares/Third_Party/SubGHz_Phy/stm32_radio_driver/radio_driver.o
                0x08005b44                SUBGRF_SetSyncWord
 *fill*         0x08005b56        0x2 
 .text.SUBGRF_SetCrcSeed
                0x08005b58       0x24 ./Middlewares/Third_Party/SubGHz_Phy/stm32_radio_driver/radio_driver.o
                0x08005b58                SUBGRF_SetCrcSeed
 .text.SUBGRF_SetCrcPolynomial
                0x08005b7c       0x24 ./Middlewares/Third_Party/SubGHz_Phy/stm32_radio_driver/radio_driver.o
                0x08005b7c                SUBGRF_SetCrcPolynomial
 .text.SUBGRF_ReadRegisters
                0x08005ba0       0x20 ./Middlewares/Third_Party/SubGHz_Phy/stm32_radio_driver/radio_driver.o
                0x08005ba0                SUBGRF_ReadRegisters
 .text.SUBGRF_WriteBuffer
                0x08005bc0       0x20 ./Middlewares/Third_Party/SubGHz_Phy/stm32_radio_driver/radio_driver.o
                0x08005bc0                SUBGRF_WriteBuffer
 .text.SUBGRF_SetPayload
                0x08005be0        0xa ./Middlewares/Third_Party/SubGHz_Phy/stm32_radio_driver/radio_driver.o
                0x08005be0                SUBGRF_SetPayload
 *fill*         0x08005bea        0x2 
 .text.SUBGRF_ReadBuffer
                0x08005bec       0x20 ./Middlewares/Third_Party/SubGHz_Phy/stm32_radio_driver/radio_driver.o
                0x08005bec                SUBGRF_ReadBuffer
 .text.SUBGRF_WriteCommand
                0x08005c0c       0x20 ./Middlewares/Third_Party/SubGHz_Phy/stm32_radio_driver/radio_driver.o
                0x08005c0c                SUBGRF_WriteCommand
 .text.SUBGRF_SetSleep
                0x08005c2c       0x34 ./Middlewares/Third_Party/SubGHz_Phy/stm32_radio_driver/radio_driver.o
                0x08005c2c                SUBGRF_SetSleep
 .text.SUBGRF_SetStandby
                0x08005c60       0x2c ./Middlewares/Third_Party/SubGHz_Phy/stm32_radio_driver/radio_driver.o
                0x08005c60                SUBGRF_SetStandby
 .text.SUBGRF_SetTx
                0x08005c8c       0x2c ./Middlewares/Third_Party/SubGHz_Phy/stm32_radio_driver/radio_driver.o
                0x08005c8c                SUBGRF_SetTx
 .text.SUBGRF_SendPayload
                0x08005cb8       0x12 ./Middlewares/Third_Party/SubGHz_Phy/stm32_radio_driver/radio_driver.o
                0x08005cb8                SUBGRF_SendPayload
 *fill*         0x08005cca        0x2 
 .text.SUBGRF_SetRx
                0x08005ccc       0x2c ./Middlewares/Third_Party/SubGHz_Phy/stm32_radio_driver/radio_driver.o
                0x08005ccc                SUBGRF_SetRx
 .text.SUBGRF_GetRandom
                0x08005cf8       0x68 ./Middlewares/Third_Party/SubGHz_Phy/stm32_radio_driver/radio_driver.o
                0x08005cf8                SUBGRF_GetRandom
 .text.SUBGRF_SetRxBoosted
                0x08005d60       0x38 ./Middlewares/Third_Party/SubGHz_Phy/stm32_radio_driver/radio_driver.o
                0x08005d60                SUBGRF_SetRxBoosted
 .text.SUBGRF_SetRxDutyCycle
                0x08005d98       0x38 ./Middlewares/Third_Party/SubGHz_Phy/stm32_radio_driver/radio_driver.o
                0x08005d98                SUBGRF_SetRxDutyCycle
 .text.SUBGRF_SetCad
                0x08005dd0       0x18 ./Middlewares/Third_Party/SubGHz_Phy/stm32_radio_driver/radio_driver.o
                0x08005dd0                SUBGRF_SetCad
 .text.SUBGRF_SetTxContinuousWave
                0x08005de8        0xa ./Middlewares/Third_Party/SubGHz_Phy/stm32_radio_driver/radio_driver.o
                0x08005de8                SUBGRF_SetTxContinuousWave
 .text.SUBGRF_SetTxInfinitePreamble
                0x08005df2        0xa ./Middlewares/Third_Party/SubGHz_Phy/stm32_radio_driver/radio_driver.o
                0x08005df2                SUBGRF_SetTxInfinitePreamble
 .text.SUBGRF_SetStopRxTimerOnPreambleDetect
                0x08005dfc       0x18 ./Middlewares/Third_Party/SubGHz_Phy/stm32_radio_driver/radio_driver.o
                0x08005dfc                SUBGRF_SetStopRxTimerOnPreambleDetect
 .text.SUBGRF_SetLoRaSymbNumTimeout
                0x08005e14       0x30 ./Middlewares/Third_Party/SubGHz_Phy/stm32_radio_driver/radio_driver.o
                0x08005e14                SUBGRF_SetLoRaSymbNumTimeout
 .text.SUBGRF_SetRegulatorMode
                0x08005e44       0x22 ./Middlewares/Third_Party/SubGHz_Phy/stm32_radio_driver/radio_driver.o
                0x08005e44                SUBGRF_SetRegulatorMode
 .text.SUBGRF_Calibrate
                0x08005e66       0x1c ./Middlewares/Third_Party/SubGHz_Phy/stm32_radio_driver/radio_driver.o
                0x08005e66                SUBGRF_Calibrate
 *fill*         0x08005e82        0x2 
 .text.SUBGRF_CalibrateImage
                0x08005e84       0x6c ./Middlewares/Third_Party/SubGHz_Phy/stm32_radio_driver/radio_driver.o
                0x08005e84                SUBGRF_CalibrateImage
 .text.SUBGRF_SetPaConfig
                0x08005ef0       0x24 ./Middlewares/Third_Party/SubGHz_Phy/stm32_radio_driver/radio_driver.o
                0x08005ef0                SUBGRF_SetPaConfig
 .text.SUBGRF_SetDioIrqParams
                0x08005f14       0x2a ./Middlewares/Third_Party/SubGHz_Phy/stm32_radio_driver/radio_driver.o
                0x08005f14                SUBGRF_SetDioIrqParams
 .text.SUBGRF_SetTcxoMode
                0x08005f3e       0x28 ./Middlewares/Third_Party/SubGHz_Phy/stm32_radio_driver/radio_driver.o
                0x08005f3e                SUBGRF_SetTcxoMode
 *fill*         0x08005f66        0x2 
 .text.SUBGRF_Init
                0x08005f68       0x78 ./Middlewares/Third_Party/SubGHz_Phy/stm32_radio_driver/radio_driver.o
                0x08005f68                SUBGRF_Init
 .text.SUBGRF_SetRfFrequency
                0x08005fe0       0x3c ./Middlewares/Third_Party/SubGHz_Phy/stm32_radio_driver/radio_driver.o
                0x08005fe0                SUBGRF_SetRfFrequency
 .text.SUBGRF_SetPacketType
                0x0800601c       0x2c ./Middlewares/Third_Party/SubGHz_Phy/stm32_radio_driver/radio_driver.o
                0x0800601c                SUBGRF_SetPacketType
 .text.SUBGRF_SetTxParams
                0x08006048       0xf4 ./Middlewares/Third_Party/SubGHz_Phy/stm32_radio_driver/radio_driver.o
                0x08006048                SUBGRF_SetTxParams
 .text.SUBGRF_SetModulationParams
                0x0800613c       0xd8 ./Middlewares/Third_Party/SubGHz_Phy/stm32_radio_driver/radio_driver.o
                0x0800613c                SUBGRF_SetModulationParams
 .text.SUBGRF_SetPacketParams
                0x08006214       0xc8 ./Middlewares/Third_Party/SubGHz_Phy/stm32_radio_driver/radio_driver.o
                0x08006214                SUBGRF_SetPacketParams
 .text.SUBGRF_SetBufferBaseAddress
                0x080062dc       0x1a ./Middlewares/Third_Party/SubGHz_Phy/stm32_radio_driver/radio_driver.o
                0x080062dc                SUBGRF_SetBufferBaseAddress
 *fill*         0x080062f6        0x2 
 .text.SUBGRF_ReadCommand
                0x080062f8       0x20 ./Middlewares/Third_Party/SubGHz_Phy/stm32_radio_driver/radio_driver.o
                0x080062f8                SUBGRF_ReadCommand
 .text.SUBGRF_GetRssiInst
                0x08006318       0x1a ./Middlewares/Third_Party/SubGHz_Phy/stm32_radio_driver/radio_driver.o
                0x08006318                SUBGRF_GetRssiInst
 *fill*         0x08006332        0x2 
 .text.SUBGRF_GetRxBufferStatus
                0x08006334       0x44 ./Middlewares/Third_Party/SubGHz_Phy/stm32_radio_driver/radio_driver.o
                0x08006334                SUBGRF_GetRxBufferStatus
 .text.SUBGRF_GetPayload
                0x08006378       0x32 ./Middlewares/Third_Party/SubGHz_Phy/stm32_radio_driver/radio_driver.o
                0x08006378                SUBGRF_GetPayload
 *fill*         0x080063aa        0x2 
 .text.SUBGRF_GetPacketStatus
                0x080063ac       0x78 ./Middlewares/Third_Party/SubGHz_Phy/stm32_radio_driver/radio_driver.o
                0x080063ac                SUBGRF_GetPacketStatus
 .text.SUBGRF_SetSwitch
                0x08006424       0x2c ./Middlewares/Third_Party/SubGHz_Phy/stm32_radio_driver/radio_driver.o
                0x08006424                SUBGRF_SetSwitch
 .text.SUBGRF_SetRfTxPower
                0x08006450       0x2a ./Middlewares/Third_Party/SubGHz_Phy/stm32_radio_driver/radio_driver.o
                0x08006450                SUBGRF_SetRfTxPower
 .text.SUBGRF_GetRadioWakeUpTime
                0x0800647a        0x4 ./Middlewares/Third_Party/SubGHz_Phy/stm32_radio_driver/radio_driver.o
                0x0800647a                SUBGRF_GetRadioWakeUpTime
 *fill*         0x0800647e        0x2 
 .text.HAL_SUBGHZ_TxCpltCallback
                0x08006480        0xc ./Middlewares/Third_Party/SubGHz_Phy/stm32_radio_driver/radio_driver.o
                0x08006480                HAL_SUBGHZ_TxCpltCallback
 .text.HAL_SUBGHZ_RxCpltCallback
                0x0800648c        0xc ./Middlewares/Third_Party/SubGHz_Phy/stm32_radio_driver/radio_driver.o
                0x0800648c                HAL_SUBGHZ_RxCpltCallback
 .text.HAL_SUBGHZ_CRCErrorCallback
                0x08006498        0xc ./Middlewares/Third_Party/SubGHz_Phy/stm32_radio_driver/radio_driver.o
                0x08006498                HAL_SUBGHZ_CRCErrorCallback
 .text.HAL_SUBGHZ_CADStatusCallback
                0x080064a4       0x20 ./Middlewares/Third_Party/SubGHz_Phy/stm32_radio_driver/radio_driver.o
                0x080064a4                HAL_SUBGHZ_CADStatusCallback
 .text.HAL_SUBGHZ_RxTxTimeoutCallback
                0x080064c4       0x10 ./Middlewares/Third_Party/SubGHz_Phy/stm32_radio_driver/radio_driver.o
                0x080064c4                HAL_SUBGHZ_RxTxTimeoutCallback
 .text.HAL_SUBGHZ_HeaderErrorCallback
                0x080064d4        0xc ./Middlewares/Third_Party/SubGHz_Phy/stm32_radio_driver/radio_driver.o
                0x080064d4                HAL_SUBGHZ_HeaderErrorCallback
 .text.HAL_SUBGHZ_PreambleDetectedCallback
                0x080064e0        0xc ./Middlewares/Third_Party/SubGHz_Phy/stm32_radio_driver/radio_driver.o
                0x080064e0                HAL_SUBGHZ_PreambleDetectedCallback
 .text.HAL_SUBGHZ_SyncWordValidCallback
                0x080064ec        0xc ./Middlewares/Third_Party/SubGHz_Phy/stm32_radio_driver/radio_driver.o
                0x080064ec                HAL_SUBGHZ_SyncWordValidCallback
 .text.HAL_SUBGHZ_HeaderValidCallback
                0x080064f8        0xc ./Middlewares/Third_Party/SubGHz_Phy/stm32_radio_driver/radio_driver.o
                0x080064f8                HAL_SUBGHZ_HeaderValidCallback
 .text.HAL_SUBGHZ_LrFhssHopCallback
                0x08006504       0x10 ./Middlewares/Third_Party/SubGHz_Phy/stm32_radio_driver/radio_driver.o
                0x08006504                HAL_SUBGHZ_LrFhssHopCallback
 .text.SUBGRF_GetFskBandwidthRegValue
                0x08006514       0x28 ./Middlewares/Third_Party/SubGHz_Phy/stm32_radio_driver/radio_driver.o
                0x08006514                SUBGRF_GetFskBandwidthRegValue
 .text.SUBGRF_GetCFO
                0x0800653c       0x80 ./Middlewares/Third_Party/SubGHz_Phy/stm32_radio_driver/radio_driver.o
                0x0800653c                SUBGRF_GetCFO
 .text.RFW_TransmitLongPacket
                0x080065bc        0x6 ./Middlewares/Third_Party/SubGHz_Phy/stm32_radio_driver/radio_fw.o
                0x080065bc                RFW_TransmitLongPacket
 .text.RFW_ReceiveLongPacket
                0x080065c2        0x6 ./Middlewares/Third_Party/SubGHz_Phy/stm32_radio_driver/radio_fw.o
                0x080065c2                RFW_ReceiveLongPacket
 .text.RFW_Init
                0x080065c8        0x6 ./Middlewares/Third_Party/SubGHz_Phy/stm32_radio_driver/radio_fw.o
                0x080065c8                RFW_Init
 .text.RFW_DeInit
                0x080065ce        0x2 ./Middlewares/Third_Party/SubGHz_Phy/stm32_radio_driver/radio_fw.o
                0x080065ce                RFW_DeInit
 .text.RFW_Is_Init
                0x080065d0        0x4 ./Middlewares/Third_Party/SubGHz_Phy/stm32_radio_driver/radio_fw.o
                0x080065d0                RFW_Is_Init
 .text.RFW_Is_LongPacketModeEnabled
                0x080065d4        0x4 ./Middlewares/Third_Party/SubGHz_Phy/stm32_radio_driver/radio_fw.o
                0x080065d4                RFW_Is_LongPacketModeEnabled
 .text.RFW_SetAntSwitch
                0x080065d8        0x2 ./Middlewares/Third_Party/SubGHz_Phy/stm32_radio_driver/radio_fw.o
                0x080065d8                RFW_SetAntSwitch
 .text.RFW_TransmitInit
                0x080065da        0x6 ./Middlewares/Third_Party/SubGHz_Phy/stm32_radio_driver/radio_fw.o
                0x080065da                RFW_TransmitInit
 .text.RFW_ReceiveInit
                0x080065e0        0x6 ./Middlewares/Third_Party/SubGHz_Phy/stm32_radio_driver/radio_fw.o
                0x080065e0                RFW_ReceiveInit
 .text.RFW_DeInit_TxLongPacket
                0x080065e6        0x2 ./Middlewares/Third_Party/SubGHz_Phy/stm32_radio_driver/radio_fw.o
                0x080065e6                RFW_DeInit_TxLongPacket
 .text.RFW_ReceivePayload
                0x080065e8        0x2 ./Middlewares/Third_Party/SubGHz_Phy/stm32_radio_driver/radio_fw.o
                0x080065e8                RFW_ReceivePayload
 .text.RFW_SetRadioModem
                0x080065ea        0x2 ./Middlewares/Third_Party/SubGHz_Phy/stm32_radio_driver/radio_fw.o
                0x080065ea                RFW_SetRadioModem
 .text.MX_SubGHz_Phy_Init
                0x080065ec        0xe ./SubGHz_Phy/App/app_subghz_phy.o
                0x080065ec                MX_SubGHz_Phy_Init
 .text.MX_SubGHz_Phy_Process
                0x080065fa        0x8 ./SubGHz_Phy/App/app_subghz_phy.o
                0x080065fa                MX_SubGHz_Phy_Process
 *fill*         0x08006602        0x2 
 .text.OnEStopEvent
                0x08006604       0x64 ./SubGHz_Phy/App/subghz_phy_app.o
                0x08006604                OnEStopEvent
 .text.App_Process
                0x08006668      0x244 ./SubGHz_Phy/App/subghz_phy_app.o
 .text.OnRxError
                0x080068ac       0x28 ./SubGHz_Phy/App/subghz_phy_app.o
 .text.OnRxTimeout
                0x080068d4       0x28 ./SubGHz_Phy/App/subghz_phy_app.o
 .text.OnTxTimeout
                0x080068fc       0x28 ./SubGHz_Phy/App/subghz_phy_app.o
 .text.OnTxDone
                0x08006924       0x28 ./SubGHz_Phy/App/subghz_phy_app.o
 .text.OnRxDone
                0x0800694c      0x1ac ./SubGHz_Phy/App/subghz_phy_app.o
 .text.OnLedEvent
                0x08006af8       0x2c ./SubGHz_Phy/App/subghz_phy_app.o
 .text.OnSendEvent
                0x08006b24       0x68 ./SubGHz_Phy/App/subghz_phy_app.o
                0x08006b24                OnSendEvent
 .text.SubghzApp_Init
                0x08006b8c      0x1e4 ./SubGHz_Phy/App/subghz_phy_app.o
                0x08006b8c                SubghzApp_Init
 .text.SendEStop
                0x08006d70       0x38 ./SubGHz_Phy/App/subghz_phy_app.o
                0x08006d70                SendEStop
 .text.GetMode  0x08006da8        0x4 ./SubGHz_Phy/App/subghz_phy_app.o
                0x08006da8                GetMode
 .text.RBI_Init
                0x08006dac        0x4 ./SubGHz_Phy/Target/radio_board_if.o
                0x08006dac                RBI_Init
 .text.RBI_ConfigRFSwitch
                0x08006db0        0x4 ./SubGHz_Phy/Target/radio_board_if.o
                0x08006db0                RBI_ConfigRFSwitch
 .text.RBI_GetTxConfig
                0x08006db4        0x4 ./SubGHz_Phy/Target/radio_board_if.o
                0x08006db4                RBI_GetTxConfig
 .text.RBI_IsTCXO
                0x08006db8        0x4 ./SubGHz_Phy/Target/radio_board_if.o
                0x08006db8                RBI_IsTCXO
 .text.RBI_IsDCDC
                0x08006dbc        0x4 ./SubGHz_Phy/Target/radio_board_if.o
                0x08006dbc                RBI_IsDCDC
 .text.RBI_GetRFOMaxPowerConfig
                0x08006dc0        0x4 ./SubGHz_Phy/Target/radio_board_if.o
                0x08006dc0                RBI_GetRFOMaxPowerConfig
 .text.UTIL_LPM_Init
                0x08006dc4       0x14 ./Utilities/lpm/tiny_lpm/stm32_lpm.o
                0x08006dc4                UTIL_LPM_Init
 .text.UTIL_LPM_SetStopMode
                0x08006dd8       0x2c ./Utilities/lpm/tiny_lpm/stm32_lpm.o
                0x08006dd8                UTIL_LPM_SetStopMode
 .text.UTIL_LPM_SetOffMode
                0x08006e04       0x2c ./Utilities/lpm/tiny_lpm/stm32_lpm.o
                0x08006e04                UTIL_LPM_SetOffMode
 .text.UTIL_LPM_EnterLowPower
                0x08006e30       0x40 ./Utilities/lpm/tiny_lpm/stm32_lpm.o
                0x08006e30                UTIL_LPM_EnterLowPower
 .text.UTIL_MEM_cpy_8
                0x08006e70       0x14 ./Utilities/misc/stm32_mem.o
                0x08006e70                UTIL_MEM_cpy_8
 .text.UTIL_MEM_set_8
                0x08006e84        0x4 ./Utilities/misc/stm32_mem.o
                0x08006e84                UTIL_MEM_set_8
 .text.SysTimeGet
                0x08006e88       0x4c ./Utilities/misc/stm32_systime.o
                0x08006e88                SysTimeGet
 .text.tiny_vsnprintf_like
                0x08006ed4      0x244 ./Utilities/misc/stm32_tiny_vsnprintf.o
                0x08006ed4                tiny_vsnprintf_like
 .text.UTIL_SEQ_SetTask
                0x08007118       0x2c ./Utilities/sequencer/stm32_seq.o
                0x08007118                UTIL_SEQ_SetTask
 .text.UTIL_SEQ_PreIdle
                0x08007144        0x2 ./Utilities/sequencer/stm32_seq.o
                0x08007144                UTIL_SEQ_PreIdle
 .text.UTIL_SEQ_PostIdle
                0x08007146        0x2 ./Utilities/sequencer/stm32_seq.o
                0x08007146                UTIL_SEQ_PostIdle
 .text.SEQ_BitPosition
                0x08007148       0x40 ./Utilities/sequencer/stm32_seq.o
                0x08007148                SEQ_BitPosition
 .text.UTIL_SEQ_Run
                0x08007188      0x108 ./Utilities/sequencer/stm32_seq.o
                0x08007188                UTIL_SEQ_Run
 .text.UTIL_SEQ_RegTask
                0x08007290       0x20 ./Utilities/sequencer/stm32_seq.o
                0x08007290                UTIL_SEQ_RegTask
 .text.UTIL_TIMER_Init
                0x080072b0       0x14 ./Utilities/timer/stm32_timer.o
                0x080072b0                UTIL_TIMER_Init
 .text.UTIL_TIMER_Create
                0x080072c4       0x34 ./Utilities/timer/stm32_timer.o
                0x080072c4                UTIL_TIMER_Create
 .text.UTIL_TIMER_GetCurrentTime
                0x080072f8       0x14 ./Utilities/timer/stm32_timer.o
                0x080072f8                UTIL_TIMER_GetCurrentTime
 .text.UTIL_TIMER_GetElapsedTime
                0x0800730c       0x20 ./Utilities/timer/stm32_timer.o
                0x0800730c                UTIL_TIMER_GetElapsedTime
 .text.TimerExists
                0x0800732c       0x1c ./Utilities/timer/stm32_timer.o
                0x0800732c                TimerExists
 .text.TimerSetTimeout
                0x08007348       0x38 ./Utilities/timer/stm32_timer.o
                0x08007348                TimerSetTimeout
 .text.UTIL_TIMER_Stop
                0x08007380       0x5c ./Utilities/timer/stm32_timer.o
                0x08007380                UTIL_TIMER_Stop
 .text.TimerInsertTimer
                0x080073dc       0x28 ./Utilities/timer/stm32_timer.o
                0x080073dc                TimerInsertTimer
 .text.TimerInsertNewHeadTimer
                0x08007404       0x18 ./Utilities/timer/stm32_timer.o
                0x08007404                TimerInsertNewHeadTimer
 .text.UTIL_TIMER_Start
                0x0800741c       0x74 ./Utilities/timer/stm32_timer.o
                0x0800741c                UTIL_TIMER_Start
 .text.UTIL_TIMER_SetPeriod
                0x08007490       0x30 ./Utilities/timer/stm32_timer.o
                0x08007490                UTIL_TIMER_SetPeriod
 .text.UTIL_TIMER_IRQ_Handler
                0x080074c0       0x88 ./Utilities/timer/stm32_timer.o
                0x080074c0                UTIL_TIMER_IRQ_Handler
 .text.TRACE_AllocateBufer
                0x08007548       0x60 ./Utilities/trace/adv_trace/stm32_adv_trace.o
 .text.TRACE_Lock
                0x080075a8       0x18 ./Utilities/trace/adv_trace/stm32_adv_trace.o
 .text.TRACE_UnLock
                0x080075c0       0x18 ./Utilities/trace/adv_trace/stm32_adv_trace.o
 .text.UTIL_ADV_TRACE_Init
                0x080075d8       0x34 ./Utilities/trace/adv_trace/stm32_adv_trace.o
                0x080075d8                UTIL_ADV_TRACE_Init
 .text.UTIL_ADV_TRACE_RegisterTimeStampFunction
                0x0800760c        0xc ./Utilities/trace/adv_trace/stm32_adv_trace.o
                0x0800760c                UTIL_ADV_TRACE_RegisterTimeStampFunction
 .text.UTIL_ADV_TRACE_SetVerboseLevel
                0x08007618        0xc ./Utilities/trace/adv_trace/stm32_adv_trace.o
                0x08007618                UTIL_ADV_TRACE_SetVerboseLevel
 .text.TRACE_Send
                0x08007624       0x88 ./Utilities/trace/adv_trace/stm32_adv_trace.o
 .text.UTIL_ADV_TRACE_COND_FSend
                0x080076ac       0xc8 ./Utilities/trace/adv_trace/stm32_adv_trace.o
                0x080076ac                UTIL_ADV_TRACE_COND_FSend
 .text.TRACE_TxCpltCallback
                0x08007774       0x98 ./Utilities/trace/adv_trace/stm32_adv_trace.o
 .text.strncmp  0x0800780c       0x24 /Applications/STM32CubeIDE.app/Contents/Eclipse/plugins/com.st.stm32cube.ide.mcu.externaltools.gnu-tools-for-stm32.12.3.rel1.macos64_1.0.100.202403111906/tools/bin/../lib/gcc/arm-none-eabi/12.3.1/../../../../arm-none-eabi/lib/thumb/v7e-m/nofp/libc_nano.a(libc_a-strncmp.o)
                0x0800780c                strncmp
 .text.memset   0x08007830       0x10 /Applications/STM32CubeIDE.app/Contents/Eclipse/plugins/com.st.stm32cube.ide.mcu.externaltools.gnu-tools-for-stm32.12.3.rel1.macos64_1.0.100.202403111906/tools/bin/../lib/gcc/arm-none-eabi/12.3.1/../../../../arm-none-eabi/lib/thumb/v7e-m/nofp/libc_nano.a(libc_a-memset.o)
                0x08007830                memset
 .text.__libc_init_array
                0x08007840       0x48 /Applications/STM32CubeIDE.app/Contents/Eclipse/plugins/com.st.stm32cube.ide.mcu.externaltools.gnu-tools-for-stm32.12.3.rel1.macos64_1.0.100.202403111906/tools/bin/../lib/gcc/arm-none-eabi/12.3.1/../../../../arm-none-eabi/lib/thumb/v7e-m/nofp/libc_nano.a(libc_a-init.o)
                0x08007840                __libc_init_array
 .text.memcpy   0x08007888       0x1c /Applications/STM32CubeIDE.app/Contents/Eclipse/plugins/com.st.stm32cube.ide.mcu.externaltools.gnu-tools-for-stm32.12.3.rel1.macos64_1.0.100.202403111906/tools/bin/../lib/gcc/arm-none-eabi/12.3.1/../../../../arm-none-eabi/lib/thumb/v7e-m/nofp/libc_nano.a(libc_a-memcpy-stub.o)
                0x08007888                memcpy
 *(.glue_7)
 .glue_7        0x080078a4        0x0 linker stubs
 *(.glue_7t)
 .glue_7t       0x080078a4        0x0 linker stubs
 *(.eh_frame)
 .eh_frame      0x080078a4        0x0 /Applications/STM32CubeIDE.app/Contents/Eclipse/plugins/com.st.stm32cube.ide.mcu.externaltools.gnu-tools-for-stm32.12.3.rel1.macos64_1.0.100.202403111906/tools/bin/../lib/gcc/arm-none-eabi/12.3.1/thumb/v7e-m/nofp/crtbegin.o
 *(.init)
 .init          0x080078a4        0x4 /Applications/STM32CubeIDE.app/Contents/Eclipse/plugins/com.st.stm32cube.ide.mcu.externaltools.gnu-tools-for-stm32.12.3.rel1.macos64_1.0.100.202403111906/tools/bin/../lib/gcc/arm-none-eabi/12.3.1/thumb/v7e-m/nofp/crti.o
                0x080078a4                _init
 .init          0x080078a8        0x8 /Applications/STM32CubeIDE.app/Contents/Eclipse/plugins/com.st.stm32cube.ide.mcu.externaltools.gnu-tools-for-stm32.12.3.rel1.macos64_1.0.100.202403111906/tools/bin/../lib/gcc/arm-none-eabi/12.3.1/thumb/v7e-m/nofp/crtn.o
 *(.fini)
 .fini          0x080078b0        0x4 /Applications/STM32CubeIDE.app/Contents/Eclipse/plugins/com.st.stm32cube.ide.mcu.externaltools.gnu-tools-for-stm32.12.3.rel1.macos64_1.0.100.202403111906/tools/bin/../lib/gcc/arm-none-eabi/12.3.1/thumb/v7e-m/nofp/crti.o
                0x080078b0                _fini
 .fini          0x080078b4        0x8 /Applications/STM32CubeIDE.app/Contents/Eclipse/plugins/com.st.stm32cube.ide.mcu.externaltools.gnu-tools-for-stm32.12.3.rel1.macos64_1.0.100.202403111906/tools/bin/../lib/gcc/arm-none-eabi/12.3.1/thumb/v7e-m/nofp/crtn.o
                0x080078bc                        . = ALIGN (0x4)
                0x080078bc                        _etext = .

.vfp11_veneer   0x080078bc        0x0
 .vfp11_veneer  0x080078bc        0x0 linker stubs

.v4_bx          0x080078bc        0x0
 .v4_bx         0x080078bc        0x0 linker stubs

.iplt           0x080078bc        0x0
 .iplt          0x080078bc        0x0 /Applications/STM32CubeIDE.app/Contents/Eclipse/plugins/com.st.stm32cube.ide.mcu.externaltools.gnu-tools-for-stm32.12.3.rel1.macos64_1.0.100.202403111906/tools/bin/../lib/gcc/arm-none-eabi/12.3.1/thumb/v7e-m/nofp/crtbegin.o

.rodata         0x080078bc      0x6d8
                0x080078bc                        . = ALIGN (0x4)
 *(.rodata)
 .rodata        0x080078bc        0xc ./Drivers/STM32WLxx_HAL_Driver/Src/stm32wlxx_hal_rcc.o
 .rodata        0x080078c8       0x10 ./Middlewares/Third_Party/SubGHz_Phy/stm32_radio_driver/radio.o
 .rodata        0x080078d8       0x11 ./Middlewares/Third_Party/SubGHz_Phy/stm32_radio_driver/radio_driver.o
 *(.rodata*)
 *fill*         0x080078e9        0x3 
 .rodata.UTIL_PowerDriver
                0x080078ec       0x18 ./Core/Src/stm32_lpm_if.o
                0x080078ec                UTIL_PowerDriver
 .rodata.tiny_snprintf_like.constprop.0.str1.1
                0x08007904        0x9 ./Core/Src/sys_app.o
 *fill*         0x0800790d        0x3 
 .rodata.MSIRangeTable
                0x08007910       0x40 ./Core/Src/system_stm32wlxx.o
                0x08007910                MSIRangeTable
 .rodata.APBPrescTable
                0x08007950       0x20 ./Core/Src/system_stm32wlxx.o
                0x08007950                APBPrescTable
 .rodata.AHBPrescTable
                0x08007970       0x40 ./Core/Src/system_stm32wlxx.o
                0x08007970                AHBPrescTable
 .rodata.UTIL_SYSTIMDriver
                0x080079b0       0x14 ./Core/Src/timer_if.o
                0x080079b0                UTIL_SYSTIMDriver
 .rodata.UTIL_TimerDriver
                0x080079c4       0x2c ./Core/Src/timer_if.o
                0x080079c4                UTIL_TimerDriver
 .rodata.HAL_UART_RxCpltCallback.str1.1
                0x080079f0       0x2d ./Core/Src/usart_if.o
 *fill*         0x08007a1d        0x3 
 .rodata.UTIL_TraceDriver
                0x08007a20       0x10 ./Core/Src/usart_if.o
                0x08007a20                UTIL_TraceDriver
 .rodata.UARTPrescTable
                0x08007a30       0x18 ./Drivers/STM32WLxx_HAL_Driver/Src/stm32wlxx_hal_uart.o
                0x08007a30                UARTPrescTable
 .rodata.denominator.0
                0x08007a48        0x8 ./Drivers/STM32WLxx_HAL_Driver/Src/stm32wlxx_hal_uart_ex.o
 .rodata.numerator.1
                0x08007a50        0x8 ./Drivers/STM32WLxx_HAL_Driver/Src/stm32wlxx_hal_uart_ex.o
 .rodata.RadioSend.str1.1
                0x08007a58       0x15 ./Middlewares/Third_Party/SubGHz_Phy/stm32_radio_driver/radio.o
 .rodata.RadioIrqProcess.str1.1
                0x08007a6d       0x49 ./Middlewares/Third_Party/SubGHz_Phy/stm32_radio_driver/radio.o
 .rodata.CSWTCH.75
                0x08007ab6        0x4 ./Middlewares/Third_Party/SubGHz_Phy/stm32_radio_driver/radio.o
 *fill*         0x08007aba        0x2 
 .rodata.CSWTCH.55
                0x08007abc       0x2c ./Middlewares/Third_Party/SubGHz_Phy/stm32_radio_driver/radio.o
 .rodata.Bandwidths
                0x08007ae8        0x3 ./Middlewares/Third_Party/SubGHz_Phy/stm32_radio_driver/radio.o
                0x08007ae8                Bandwidths
 *fill*         0x08007aeb        0x1 
 .rodata.Radio  0x08007aec       0x8c ./Middlewares/Third_Party/SubGHz_Phy/stm32_radio_driver/radio.o
                0x08007aec                Radio
 .rodata.FskBandwidths
                0x08007b78       0xb0 ./Middlewares/Third_Party/SubGHz_Phy/stm32_radio_driver/radio_driver.o
 .rodata.App_Process.str1.1
                0x08007c28      0x121 ./SubGHz_Phy/App/subghz_phy_app.o
 .rodata.OnRxError.str1.1
                0x08007d49        0xc ./SubGHz_Phy/App/subghz_phy_app.o
 .rodata.OnRxTimeout.str1.1
                0x08007d55        0xe ./SubGHz_Phy/App/subghz_phy_app.o
 .rodata.OnTxTimeout.str1.1
                0x08007d63        0xe ./SubGHz_Phy/App/subghz_phy_app.o
 .rodata.OnTxDone.str1.1
                0x08007d71        0xb ./SubGHz_Phy/App/subghz_phy_app.o
 .rodata.OnRxDone.str1.1
                0x08007d7c       0xb5 ./SubGHz_Phy/App/subghz_phy_app.o
                                 0xb8 (size before relaxing)
 .rodata.OnSendEvent.str1.1
                0x08007e31       0x2a ./SubGHz_Phy/App/subghz_phy_app.o
 .rodata.SubghzApp_Init.str1.1
                0x08007e5b       0x95 ./SubGHz_Phy/App/subghz_phy_app.o
 .rodata.SendEStop.str1.1
                0x08007ef0       0x41 ./SubGHz_Phy/App/subghz_phy_app.o
 .rodata.tiny_vsnprintf_like.str1.1
                0x08007f31       0x51 ./Utilities/misc/stm32_tiny_vsnprintf.o
 .rodata.SEQ_clz_table_4bit
                0x08007f82       0x10 ./Utilities/sequencer/stm32_seq.o
                0x08007f82                SEQ_clz_table_4bit
                0x08007f94                        . = ALIGN (0x4)
 *fill*         0x08007f92        0x2 

.ARM.extab      0x08007f94        0x0
                0x08007f94                        . = ALIGN (0x4)
 *(.ARM.extab* .gnu.linkonce.armextab.*)
                0x08007f94                        . = ALIGN (0x4)

.ARM            0x08007f94        0x8
                0x08007f94                        . = ALIGN (0x4)
                0x08007f94                        __exidx_start = .
 *(.ARM.exidx*)
 .ARM.exidx     0x08007f94        0x8 /Applications/STM32CubeIDE.app/Contents/Eclipse/plugins/com.st.stm32cube.ide.mcu.externaltools.gnu-tools-for-stm32.12.3.rel1.macos64_1.0.100.202403111906/tools/bin/../lib/gcc/arm-none-eabi/12.3.1/../../../../arm-none-eabi/lib/thumb/v7e-m/nofp/libc_nano.a(libc_a-strlen.o)
 .ARM.exidx     0x08007f9c        0x0 /Applications/STM32CubeIDE.app/Contents/Eclipse/plugins/com.st.stm32cube.ide.mcu.externaltools.gnu-tools-for-stm32.12.3.rel1.macos64_1.0.100.202403111906/tools/bin/../lib/gcc/arm-none-eabi/12.3.1/thumb/v7e-m/nofp/libgcc.a(_udivmoddi4.o)
                                  0x8 (size before relaxing)
                0x08007f9c                        __exidx_end = .
                0x08007f9c                        . = ALIGN (0x4)

.preinit_array  0x08007f9c        0x0
                0x08007f9c                        . = ALIGN (0x4)
                0x08007f9c                        PROVIDE (__preinit_array_start = .)
 *(.preinit_array*)
                0x08007f9c                        PROVIDE (__preinit_array_end = .)
                0x08007f9c                        . = ALIGN (0x4)

.init_array     0x08007f9c        0x4
                0x08007f9c                        . = ALIGN (0x4)
                0x08007f9c                        PROVIDE (__init_array_start = .)
 *(SORT_BY_NAME(.init_array.*))
 *(.init_array*)
 .init_array    0x08007f9c        0x4 /Applications/STM32CubeIDE.app/Contents/Eclipse/plugins/com.st.stm32cube.ide.mcu.externaltools.gnu-tools-for-stm32.12.3.rel1.macos64_1.0.100.202403111906/tools/bin/../lib/gcc/arm-none-eabi/12.3.1/thumb/v7e-m/nofp/crtbegin.o
                0x08007fa0                        PROVIDE (__init_array_end = .)
                0x08007fa0                        . = ALIGN (0x4)

.fini_array     0x08007fa0        0x4
                0x08007fa0                        . = ALIGN (0x4)
                [!provide]                        PROVIDE (__fini_array_start = .)
 *(SORT_BY_NAME(.fini_array.*))
 *(.fini_array*)
 .fini_array    0x08007fa0        0x4 /Applications/STM32CubeIDE.app/Contents/Eclipse/plugins/com.st.stm32cube.ide.mcu.externaltools.gnu-tools-for-stm32.12.3.rel1.macos64_1.0.100.202403111906/tools/bin/../lib/gcc/arm-none-eabi/12.3.1/thumb/v7e-m/nofp/crtbegin.o
                [!provide]                        PROVIDE (__fini_array_end = .)
                0x08007fa4                        . = ALIGN (0x4)
                0x08007fa4                        _sidata = LOADADDR (.data)

.rel.dyn        0x08007fa4        0x0
 .rel.iplt      0x08007fa4        0x0 /Applications/STM32CubeIDE.app/Contents/Eclipse/plugins/com.st.stm32cube.ide.mcu.externaltools.gnu-tools-for-stm32.12.3.rel1.macos64_1.0.100.202403111906/tools/bin/../lib/gcc/arm-none-eabi/12.3.1/thumb/v7e-m/nofp/crtbegin.o

.data           0x20000000       0x18 load address 0x08007fa4
                0x20000000                        . = ALIGN (0x4)
                0x20000000                        _sdata = .
 *(.data)
 *(.data*)
 .data.SystemCoreClock
                0x20000000        0x4 ./Core/Src/system_stm32wlxx.o
                0x20000000                SystemCoreClock
 .data.uwTickPrio
                0x20000004        0x4 ./Drivers/STM32WLxx_HAL_Driver/Src/stm32wlxx_hal.o
                0x20000004                uwTickPrio
 .data.MaxPayloadLength
                0x20000008        0x1 ./Middlewares/Third_Party/SubGHz_Phy/stm32_radio_driver/radio.o
 *fill*         0x20000009        0x1 
 .data.msgTimers
                0x2000000a        0x6 ./SubGHz_Phy/App/subghz_phy_app.o
                0x2000000a                msgTimers
 .data.SuperMask
                0x20000010        0x4 ./Utilities/sequencer/stm32_seq.o
 .data.TaskMask
                0x20000014        0x4 ./Utilities/sequencer/stm32_seq.o
 *(.RamFunc)
 *(.RamFunc*)
                0x20000018                        . = ALIGN (0x4)
                0x20000018                        _edata = .

.igot.plt       0x20000018        0x0 load address 0x08007fbc
 .igot.plt      0x20000018        0x0 /Applications/STM32CubeIDE.app/Contents/Eclipse/plugins/com.st.stm32cube.ide.mcu.externaltools.gnu-tools-for-stm32.12.3.rel1.macos64_1.0.100.202403111906/tools/bin/../lib/gcc/arm-none-eabi/12.3.1/thumb/v7e-m/nofp/crtbegin.o
                0x20000018                        . = ALIGN (0x4)

.bss            0x20000018      0x998 load address 0x08007fbc
                0x20000018                        _sbss = .
                0x20000018                        __bss_start__ = _sbss
 *(.bss)
 .bss           0x20000018       0x1c /Applications/STM32CubeIDE.app/Contents/Eclipse/plugins/com.st.stm32cube.ide.mcu.externaltools.gnu-tools-for-stm32.12.3.rel1.macos64_1.0.100.202403111906/tools/bin/../lib/gcc/arm-none-eabi/12.3.1/thumb/v7e-m/nofp/crtbegin.o
 *(.bss*)
 .bss.hdma_adc  0x20000034       0x60 ./Core/Src/adc.o
                0x20000034                hdma_adc
 .bss.hadc      0x20000094       0x64 ./Core/Src/adc.o
                0x20000094                hadc
 .bss.conv_completed
                0x200000f8        0x4 ./Core/Src/main.o
 .bss.hrtc      0x200000fc       0x38 ./Core/Src/rtc.o
                0x200000fc                hrtc
 .bss.hsubghz   0x20000134        0xc ./Core/Src/subghz.o
                0x20000134                hsubghz
 .bss.SYS_TimerInitialisedFlag
                0x20000140        0x1 ./Core/Src/sys_app.o
 *fill*         0x20000141        0x3 
 .bss.RtcTimerContext
                0x20000144        0x4 ./Core/Src/timer_if.o
 .bss.RTC_Initialized
                0x20000148        0x1 ./Core/Src/timer_if.o
 *fill*         0x20000149        0x3 
 .bss.hdma_usart2_rx
                0x2000014c       0x60 ./Core/Src/usart.o
                0x2000014c                hdma_usart2_rx
 .bss.hdma_usart2_tx
                0x200001ac       0x60 ./Core/Src/usart.o
                0x200001ac                hdma_usart2_tx
 .bss.hdma_usart1_rx
                0x2000020c       0x60 ./Core/Src/usart.o
                0x2000020c                hdma_usart1_rx
 .bss.hdma_usart1_tx
                0x2000026c       0x60 ./Core/Src/usart.o
                0x2000026c                hdma_usart1_tx
 .bss.huart2    0x200002cc       0x94 ./Core/Src/usart.o
                0x200002cc                huart2
 .bss.huart1    0x20000360       0x94 ./Core/Src/usart.o
                0x20000360                huart1
 .bss.battery_state
                0x200003f4        0x1 ./Core/Src/usart.o
                0x200003f4                battery_state
 .bss.huart2_rec_data
                0x200003f5        0x5 ./Core/Src/usart.o
                0x200003f5                huart2_rec_data
 *fill*         0x200003fa        0x2 
 .bss.TxCpltCallback
                0x200003fc        0x4 ./Core/Src/usart_if.o
 .bss.charRx    0x20000400        0x1 ./Core/Src/usart_if.o
                0x20000400                charRx
 *fill*         0x20000401        0x3 
 .bss.RxTimeoutTimer
                0x20000404       0x18 ./Middlewares/Third_Party/SubGHz_Phy/stm32_radio_driver/radio.o
                0x20000404                RxTimeoutTimer
 .bss.TxTimeoutTimer
                0x2000041c       0x18 ./Middlewares/Third_Party/SubGHz_Phy/stm32_radio_driver/radio.o
                0x2000041c                TxTimeoutTimer
 .bss.SubgRf    0x20000434       0x5c ./Middlewares/Third_Party/SubGHz_Phy/stm32_radio_driver/radio.o
                0x20000434                SubgRf
 .bss.RadioEvents
                0x20000490        0x4 ./Middlewares/Third_Party/SubGHz_Phy/stm32_radio_driver/radio.o
 .bss.RadioBuffer
                0x20000494       0xff ./Middlewares/Third_Party/SubGHz_Phy/stm32_radio_driver/radio.o
 *fill*         0x20000593        0x1 
 .bss.RadioOnDioIrqCb
                0x20000594        0x4 ./Middlewares/Third_Party/SubGHz_Phy/stm32_radio_driver/radio_driver.o
 .bss.ImageCalibrated
                0x20000598        0x1 ./Middlewares/Third_Party/SubGHz_Phy/stm32_radio_driver/radio_driver.o
 *fill*         0x20000599        0x3 
 .bss.FrequencyError
                0x2000059c        0x4 ./Middlewares/Third_Party/SubGHz_Phy/stm32_radio_driver/radio_driver.o
                0x2000059c                FrequencyError
 .bss.LoRaHeaderType
                0x200005a0        0x1 ./Middlewares/Third_Party/SubGHz_Phy/stm32_radio_driver/radio_driver.o
 .bss.PacketType
                0x200005a1        0x1 ./Middlewares/Third_Party/SubGHz_Phy/stm32_radio_driver/radio_driver.o
 .bss.OperatingMode
                0x200005a2        0x1 ./Middlewares/Third_Party/SubGHz_Phy/stm32_radio_driver/radio_driver.o
 .bss.EStopData
                0x200005a3        0x1 ./SubGHz_Phy/App/subghz_phy_app.o
                0x200005a3                EStopData
 .bss.EStopSendCount
                0x200005a4        0x1 ./SubGHz_Phy/App/subghz_phy_app.o
                0x200005a4                EStopSendCount
 *fill*         0x200005a5        0x3 
 .bss.timerEStop
                0x200005a8       0x18 ./SubGHz_Phy/App/subghz_phy_app.o
 .bss.timerSend
                0x200005c0       0x18 ./SubGHz_Phy/App/subghz_phy_app.o
 .bss.timerLed  0x200005d8       0x18 ./SubGHz_Phy/App/subghz_phy_app.o
 .bss.synced    0x200005f0        0x1 ./SubGHz_Phy/App/subghz_phy_app.o
                0x200005f0                synced
 *fill*         0x200005f1        0x3 
 .bss.random_delay
                0x200005f4        0x4 ./SubGHz_Phy/App/subghz_phy_app.o
 .bss.SnrValue  0x200005f8        0x1 ./SubGHz_Phy/App/subghz_phy_app.o
                0x200005f8                SnrValue
 .bss.RssiValue
                0x200005f9        0x1 ./SubGHz_Phy/App/subghz_phy_app.o
                0x200005f9                RssiValue
 .bss.RxBufferSize
                0x200005fa        0x2 ./SubGHz_Phy/App/subghz_phy_app.o
                0x200005fa                RxBufferSize
 .bss.BufferTx  0x200005fc       0x20 ./SubGHz_Phy/App/subghz_phy_app.o
 .bss.BufferRx  0x2000061c       0x20 ./SubGHz_Phy/App/subghz_phy_app.o
 .bss.msg_uart1
                0x2000063c        0x6 ./SubGHz_Phy/App/subghz_phy_app.o
 .bss.rec_message
                0x20000642        0x7 ./SubGHz_Phy/App/subghz_phy_app.o
 .bss.message   0x20000649        0x7 ./SubGHz_Phy/App/subghz_phy_app.o
 .bss.State     0x20000650        0x1 ./SubGHz_Phy/App/subghz_phy_app.o
 *fill*         0x20000651        0x3 
 .bss.RadioEvents
                0x20000654       0x1c ./SubGHz_Phy/App/subghz_phy_app.o
 .bss.OffModeDisable
                0x20000670        0x4 ./Utilities/lpm/tiny_lpm/stm32_lpm.o
 .bss.StopModeDisable
                0x20000674        0x4 ./Utilities/lpm/tiny_lpm/stm32_lpm.o
 .bss.TaskPrio  0x20000678        0x8 ./Utilities/sequencer/stm32_seq.o
 .bss.TaskCb    0x20000680        0x4 ./Utilities/sequencer/stm32_seq.o
 .bss.CurrentTaskIdx
                0x20000684        0x4 ./Utilities/sequencer/stm32_seq.o
 .bss.EvtWaited
                0x20000688        0x4 ./Utilities/sequencer/stm32_seq.o
 .bss.EvtSet    0x2000068c        0x4 ./Utilities/sequencer/stm32_seq.o
 .bss.TaskSet   0x20000690        0x4 ./Utilities/sequencer/stm32_seq.o
 .bss.TimerListHead
                0x20000694        0x4 ./Utilities/timer/stm32_timer.o
 .bss.sztmp     0x20000698      0x100 ./Utilities/trace/adv_trace/stm32_adv_trace.o
 .bss.ADV_TRACE_Buffer
                0x20000798      0x200 ./Utilities/trace/adv_trace/stm32_adv_trace.o
 .bss.ADV_TRACE_Ctx
                0x20000998       0x18 ./Utilities/trace/adv_trace/stm32_adv_trace.o
 *(COMMON)
                0x200009b0                        . = ALIGN (0x4)
                0x200009b0                        _ebss = .
                0x200009b0                        __bss_end__ = _ebss

._user_heap_stack
                0x200009b0      0xa00 load address 0x08007fbc
                0x200009b0                        . = ALIGN (0x8)
                [!provide]                        PROVIDE (end = .)
                0x200009b0                        PROVIDE (_end = .)
                0x20000bb0                        . = (. + _Min_Heap_Size)