../SubGHz_Phy/App/subghz_phy_app.c:619:8:shift_and_scale	16	static
../SubGHz_Phy/App/subghz_phy_app.c:491:6:OnEStopEvent	16	static
../SubGHz_Phy/App/subghz_phy_app.c:363:13:App_Process	40	static
../SubGHz_Phy/App/subghz_phy_app.c:351:13:OnRxError	8	static
../SubGHz_Phy/App/subghz_phy_app.c:340:13:OnRxTimeout	8	static
../SubGHz_Phy/App/subghz_phy_app.c:329:13:OnTxTimeout	8	static
../SubGHz_Phy/App/subghz_phy_app.c:267:13:OnTxDone	8	static
../SubGHz_Phy/App/subghz_phy_app.c:278:13:OnRxDone	32	static
../SubGHz_Phy/App/subghz_phy_app.c:473:13:OnLedEvent	8	static
../SubGHz_Phy/App/subghz_phy_app.c:480:6:OnSendEvent	32	static
../SubGHz_Phy/App/subghz_phy_app.c:188:6:SubghzApp_Init	80	static
../SubGHz_Phy/App/subghz_phy_app.c:514:6:SendEStop	16	static
../SubGHz_Phy/App/subghz_phy_app.c:569:8:GetMode	0	static
